Component: ARM Compiler 5.05 update 1 (build 106) Tool: armlink [4d0efa]

==============================================================================

Section Cross References

    main.o(i.main) refers to misc.o(i.NVIC_PriorityGroupConfig) for NVIC_PriorityGroupConfig
    main.o(i.main) refers to usart.o(i.uart_init) for uart_init
    main.o(i.main) refers to delay.o(i.delay_init) for delay_init
    main.o(i.main) refers to tcrc5000.o(i.TCRC5000_init) for TCRC5000_init
    main.o(i.main) refers to control.o(i.Motor_Init) for Motor_Init
    main.o(i.main) refers to robotic_arm.o(i.Robot_Arm_Init) for Robot_Arm_Init
    main.o(i.main) refers to turn.o(i.Turn_init) for Turn_init
    main.o(i.main) refers to data.o(i.UART3_Init) for UART3_Init
    main.o(i.main) refers to jq8400.o(i.UART4_Config) for UART4_Config
    main.o(i.main) refers to oled.o(i.OLED_Init) for OLED_Init
    main.o(i.main) refers to oled.o(i.OLED_ColorTurn) for OLED_ColorTurn
    main.o(i.main) refers to oled.o(i.OLED_DisplayTurn) for OLED_DisplayTurn
    main.o(i.main) refers to dht11.o(i.DHT11_Init) for DHT11_Init
    main.o(i.main) refers to hcsr04.o(i.TIM5_Init) for TIM5_Init
    main.o(i.main) refers to hcsr04.o(i.HCSR04_Init) for HCSR04_Init
    main.o(i.main) refers to gy_30.o(i.BH1750_Init) for BH1750_Init
    main.o(i.main) refers to led.o(i.LED_Init) for LED_Init
    main.o(i.main) refers to relay.o(i.Openmv_init) for Openmv_init
    main.o(i.main) refers to timer.o(i.TIM1_Int_Init) for TIM1_Int_Init
    main.o(i.main) refers to tcrc5000.o(i.TIM6_Int_Init) for TIM6_Int_Init
    main.o(i.main) refers to jq8400.o(i.playsong) for playsong
    main.o(i.main) refers to delay.o(i.delay_ms) for delay_ms
    main.o(i.main) refers to oled.o(i.oled_show_temperture) for oled_show_temperture
    system_stm32f10x.o(i.SetSysClock) refers to system_stm32f10x.o(i.SetSysClockTo72) for SetSysClockTo72
    system_stm32f10x.o(i.SystemCoreClockUpdate) refers to system_stm32f10x.o(.data) for SystemCoreClock
    system_stm32f10x.o(i.SystemInit) refers to system_stm32f10x.o(i.SetSysClock) for SetSysClock
    delay.o(i.delay_init) refers to misc.o(i.SysTick_CLKSourceConfig) for SysTick_CLKSourceConfig
    delay.o(i.delay_init) refers to system_stm32f10x.o(.data) for SystemCoreClock
    delay.o(i.delay_init) refers to delay.o(.data) for fac_us
    delay.o(i.delay_ms) refers to delay.o(.data) for fac_ms
    delay.o(i.delay_us) refers to delay.o(.data) for fac_us
    usart.o(i.USART1_IRQHandler) refers (Special) to use_no_semi_2.o(.text) for __use_no_semihosting
    usart.o(i.USART1_IRQHandler) refers to stm32f10x_usart.o(i.USART_GetITStatus) for USART_GetITStatus
    usart.o(i.USART1_IRQHandler) refers to stm32f10x_usart.o(i.USART_ReceiveData) for USART_ReceiveData
    usart.o(i.USART1_IRQHandler) refers to usart.o(.data) for USART_RX_STA
    usart.o(i.USART1_IRQHandler) refers to usart.o(.bss) for USART_RX_BUF
    usart.o(i._sys_exit) refers (Special) to use_no_semi_2.o(.text) for __use_no_semihosting
    usart.o(i.fputc) refers (Special) to use_no_semi_2.o(.text) for __use_no_semihosting
    usart.o(i.fputc) refers to stm32f10x_usart.o(i.USART_SendData) for USART_SendData
    usart.o(i.fputc) refers to stm32f10x_usart.o(i.USART_GetFlagStatus) for USART_GetFlagStatus
    usart.o(i.uart_init) refers (Special) to use_no_semi_2.o(.text) for __use_no_semihosting
    usart.o(i.uart_init) refers to stm32f10x_rcc.o(i.RCC_APB2PeriphClockCmd) for RCC_APB2PeriphClockCmd
    usart.o(i.uart_init) refers to stm32f10x_gpio.o(i.GPIO_Init) for GPIO_Init
    usart.o(i.uart_init) refers to misc.o(i.NVIC_Init) for NVIC_Init
    usart.o(i.uart_init) refers to stm32f10x_usart.o(i.USART_Init) for USART_Init
    usart.o(i.uart_init) refers to stm32f10x_usart.o(i.USART_ITConfig) for USART_ITConfig
    usart.o(i.uart_init) refers to stm32f10x_usart.o(i.USART_Cmd) for USART_Cmd
    usart.o(.bss) refers (Special) to use_no_semi_2.o(.text) for __use_no_semihosting
    usart.o(.data) refers (Special) to use_no_semi_2.o(.text) for __use_no_semihosting
    startup_stm32f10x_hd.o(STACK) refers (Special) to heapauxi.o(.text) for __use_two_region_memory
    startup_stm32f10x_hd.o(HEAP) refers (Special) to heapauxi.o(.text) for __use_two_region_memory
    startup_stm32f10x_hd.o(RESET) refers (Special) to heapauxi.o(.text) for __use_two_region_memory
    startup_stm32f10x_hd.o(RESET) refers to startup_stm32f10x_hd.o(STACK) for __initial_sp
    startup_stm32f10x_hd.o(RESET) refers to startup_stm32f10x_hd.o(.text) for Reset_Handler
    startup_stm32f10x_hd.o(RESET) refers to stm32f10x_it.o(i.NMI_Handler) for NMI_Handler
    startup_stm32f10x_hd.o(RESET) refers to stm32f10x_it.o(i.HardFault_Handler) for HardFault_Handler
    startup_stm32f10x_hd.o(RESET) refers to stm32f10x_it.o(i.MemManage_Handler) for MemManage_Handler
    startup_stm32f10x_hd.o(RESET) refers to stm32f10x_it.o(i.BusFault_Handler) for BusFault_Handler
[...]
    aTodd                                    0x080084d0   Data          40  atan.o(.constdata)
    aTeven                                   0x080084f8   Data          48  atan.o(.constdata)
    .constdata                               0x08008528   Section        8  qnan.o(.constdata)
    .constdata                               0x08008530   Section      148  bigflt0.o(.constdata)
    tenpwrs_x                                0x08008530   Data          60  bigflt0.o(.constdata)
    tenpwrs_i                                0x0800856c   Data          64  bigflt0.o(.constdata)
    locale$$data                             0x080085e4   Section       28  lc_numeric_c.o(locale$$data)
    __lcnum_c_name                           0x080085e8   Data           2  lc_numeric_c.o(locale$$data)
    __lcnum_c_start                          0x080085f0   Data           0  lc_numeric_c.o(locale$$data)
    __lcnum_c_point                          0x080085fc   Data           0  lc_numeric_c.o(locale$$data)
    __lcnum_c_thousands                      0x080085fe   Data           0  lc_numeric_c.o(locale$$data)
    __lcnum_c_grouping                       0x080085ff   Data           0  lc_numeric_c.o(locale$$data)
    __lcnum_c_end                            0x08008600   Data           0  lc_numeric_c.o(locale$$data)
    .data                                    0x20000000   Section       20  system_stm32f10x.o(.data)
    .data                                    0x20000014   Section        4  delay.o(.data)
    fac_us                                   0x20000014   Data           1  delay.o(.data)
    fac_ms                                   0x20000016   Data           2  delay.o(.data)
    .data                                    0x20000018   Section        6  usart.o(.data)
    .data                                    0x2000001e   Section       20  stm32f10x_rcc.o(.data)
    APBAHBPrescTable                         0x2000001e   Data          16  stm32f10x_rcc.o(.data)
    ADCPrescTable                            0x2000002e   Data           4  stm32f10x_rcc.o(.data)
    .data                                    0x20000034   Section       76  control.o(.data)
    Target_velocity                          0x20000034   Data           4  control.o(.data)
    Bias                                     0x20000064   Data           4  control.o(.data)
    Pwm                                      0x20000068   Data           4  control.o(.data)
    Integral_bias                            0x2000006c   Data           4  control.o(.data)
    Last_Bias                                0x20000070   Data           4  control.o(.data)
    k                                        0x20000074   Data           1  control.o(.data)
    RxBuffer1                                0x20000075   Data           4  control.o(.data)
    RxState                                  0x20000079   Data           1  control.o(.data)
    Not_detected                             0x2000007a   Data           1  control.o(.data)
    i                                        0x2000007b   Data           1  control.o(.data)
    Cx                                       0x2000007c   Data           1  control.o(.data)
    Cy                                       0x2000007d   Data           1  control.o(.data)
    Cw                                       0x2000007e   Data           1  control.o(.data)
    Ch                                       0x2000007f   Data           1  control.o(.data)
    .data                                    0x20000080   Section     5656  oled.o(.data)
    .data                                    0x20001698   Section        9  remote.o(.data)
    .data                                    0x200016a4   Section        4  tcrc5000.o(.data)
    .data                                    0x200016a8   Section       16  gy_30.o(.data)
    .data                                    0x200016b8   Section        8  kinematics_solution.o(.data)
    .bss                                     0x200016c0   Section      200  usart.o(.bss)
    .bss                                     0x20001788   Section     1152  oled.o(.bss)
    .bss                                     0x20001c08   Section       20  tcrc5000.o(.bss)
    .bss                                     0x20001c1c   Section       96  libspace.o(.bss)
    HEAP                                     0x20001c80   Section      512  startup_stm32f10x_hd.o(HEAP)
    Heap_Mem                                 0x20001c80   Data         512  startup_stm32f10x_hd.o(HEAP)
    STACK                                    0x20001e80   Section     1024  startup_stm32f10x_hd.o(STACK)
    Stack_Mem                                0x20001e80   Data        1024  startup_stm32f10x_hd.o(STACK)
    __initial_sp                             0x20002280   Data           0  startup_stm32f10x_hd.o(STACK)

    Global Symbols

    Symbol Name                              Value     Ov Type        Size  Object(Section)

    BuildAttributes$$THM_ISAv4$P$D$K$B$S$PE$A:L22UL41UL21$X:L11$S22US41US21$IEEE1$IW$USESV6$~STKCKD$USESV7$~SHL$OTIME$ROPI$IEEEX$EBA8$UX$STANDARDLIB$REQ8$PRES8$EABIv2 0x00000000   Number         0  anon$$obj.o ABSOLUTE
    __ARM_use_no_argv                        0x00000000   Number         0  main.o ABSOLUTE
    _printf_flags                            0x00000000   Number         0  printf_stubs.o ABSOLUTE
    _printf_return_value                     0x00000000   Number         0  printf_stubs.o ABSOLUTE
    _printf_sizespec                         0x00000000   Number         0  printf_stubs.o ABSOLUTE
    _printf_widthprec                        0x00000000   Number         0  printf_stubs.o ABSOLUTE
    __ARM_exceptions_init                     - Undefined Weak Reference
    __alloca_initialize                       - Undefined Weak Reference
    __arm_preinit_                            - Undefined Weak Reference
    __cpp_initialize__aeabi_                  - Undefined Weak Reference
    __cxa_finalize                            - Undefined Weak Reference
    __sigvec_lookup                           - Undefined Weak Reference
    _atexit_init                              - Undefined Weak Reference
    _call_atexit_fns                          - Undefined Weak Reference
    _clock_init                               - Undefined Weak Reference
    _fp_trap_init                             - Undefined Weak Reference
    _fp_trap_shutdown                         - Undefined Weak Reference
    _get_lc_collate                           - Undefined Weak Reference
    _get_lc_ctype                             - Undefined Weak Reference
    _get_lc_monetary                          - Undefined Weak Reference
    _get_lc_time                              - Undefined Weak Reference
    _getenv_init                              - Undefined Weak Reference
    _handle_redirection                       - Undefined Weak Reference
    _init_alloc                               - Undefined Weak Reference
    _init_user_alloc                          - Undefined Weak Reference
    _initio                                   - Undefined Weak Reference
    _mutex_acquire                            - Undefined Weak Reference
    _mutex_release                            - Undefined Weak Reference
    _printf_post_padding                      - Undefined Weak Reference
    _printf_pre_padding                       - Undefined Weak Reference
    _printf_truncate_signed                   - Undefined Weak Reference
    _printf_truncate_unsigned                 - Undefined Weak Reference
    _rand_init                                - Undefined Weak Reference
    _signal_finish                            - Undefined Weak Reference
    _signal_init                              - Undefined Weak Reference
    _terminate_alloc                          - Undefined Weak Reference
    _terminate_user_alloc                     - Undefined Weak Reference
    _terminateio                              - Undefined Weak Reference
    __Vectors_Size                           0x00000130   Number         0  startup_stm32f10x_hd.o ABSOLUTE
    __Vectors                                0x08000000   Data           4  startup_stm32f10x_hd.o(RESET)
    __Vectors_End                            0x08000130   Data           0  startup_stm32f10x_hd.o(RESET)
    __main                                   0x08000131   Thumb Code     8  __main.o(!!!main)
    __scatterload                            0x08000139   Thumb Code     0  __scatter.o(!!!scatter)
    __scatterload_rt2                        0x08000139   Thumb Code    44  __scatter.o(!!!scatter)
    __scatterload_rt2_thumb_only             0x08000139   Thumb Code     0  __scatter.o(!!!scatter)
    __scatterload_null                       0x08000147   Thumb Code     0  __scatter.o(!!!scatter)
    __decompress                             0x0800016d   Thumb Code    90  __dczerorl2.o(!!dczerorl2)
    __decompress1                            0x0800016d   Thumb Code     0  __dczerorl2.o(!!dczerorl2)
    __scatterload_zeroinit                   0x080001c9   Thumb Code    28  __scatter_zi.o(!!handler_zi)
    _printf_f                                0x080001e5   Thumb Code     0  _printf_f.o(.ARM.Collect$$_printf_percent$$00000003)
    _printf_percent                          0x080001e5   Thumb Code     0  _printf_percent.o(.ARM.Collect$$_printf_percent$$00000000)
    _printf_d                                0x080001eb   Thumb Code     0  _printf_d.o(.ARM.Collect$$_printf_percent$$00000009)
    _printf_x                                0x080001f1   Thumb Code     0  _printf_x.o(.ARM.Collect$$_printf_percent$$0000000C)
    _printf_percent_end                      0x080001f7   Thumb Code     0  _printf_percent_end.o(.ARM.Collect$$_printf_percent$$00000017)
    __rt_lib_init                            0x080001fb   Thumb Code     0  libinit.o(.ARM.Collect$$libinit$$00000000)
    __rt_lib_init_fp_1                       0x080001fd   Thumb Code     0  libinit2.o(.ARM.Collect$$libinit$$00000002)
    __rt_lib_init_heap_1                     0x080001fd   Thumb Code     0  libinit2.o(.ARM.Collect$$libinit$$0000000A)
    __rt_lib_init_lc_common                  0x080001fd   Thumb Code     0  libinit2.o(.ARM.Collect$$libinit$$0000000F)
    __rt_lib_init_preinit_1                  0x080001fd   Thumb Code     0  libinit2.o(.ARM.Collect$$libinit$$00000004)
    __rt_lib_init_rand_1                     0x080001fd   Thumb Code     0  libinit2.o(.ARM.Collect$$libinit$$0000000E)
    __rt_lib_init_user_alloc_1               0x080001fd   Thumb Code     0  libinit2.o(.ARM.Collect$$libinit$$0000000C)
    __rt_lib_init_lc_collate_1               0x08000203   Thumb Code     0  libinit2.o(.ARM.Collect$$libinit$$00000011)
    __rt_lib_init_lc_ctype_1                 0x08000203   Thumb Code     0  libinit2.o(.ARM.Collect$$libinit$$00000013)
    __rt_lib_init_lc_monetary_1              0x08000203   Thumb Code     0  libinit2.o(.ARM.Collect$$libinit$$00000015)
    __rt_lib_init_lc_numeric_2               0x08000203   Thumb Code     0  libinit2.o(.ARM.Collect$$libinit$$00000016)
    __rt_lib_init_alloca_1                   0x0800020d   Thumb Code     0  libinit2.o(.ARM.Collect$$libinit$$0000002E)
    __rt_lib_init_argv_1                     0x0800020d   Thumb Code     0  libinit2.o(.ARM.Collect$$libinit$$0000002C)
    __rt_lib_init_atexit_1                   0x0800020d   Thumb Code     0  libinit2.o(.ARM.Collect$$libinit$$0000001B)
    __rt_lib_init_clock_1                    0x0800020d   Thumb Code     0  libinit2.o(.ARM.Collect$$libinit$$00000021)
    __rt_lib_init_cpp_1                      0x0800020d   Thumb Code     0  libinit2.o(.ARM.Collect$$libinit$$00000032)
    __rt_lib_init_exceptions_1               0x0800020d   Thumb Code     0  libinit2.o(.ARM.Collect$$libinit$$00000030)
    __rt_lib_init_fp_trap_1                  0x0800020d   Thumb Code     0  libinit2.o(.ARM.Collect$$libinit$$0000001F)
    __rt_lib_init_getenv_1                   0x0800020d   Thumb Code     0  libinit2.o(.ARM.Collect$$libinit$$00000023)
    __rt_lib_init_lc_numeric_1               0x0800020d   Thumb Code     0  libinit2.o(.ARM.Collect$$libinit$$00000017)
    __rt_lib_init_lc_time_1                  0x0800020d   Thumb Code     0  libinit2.o(.ARM.Collect$$libinit$$00000019)
    __rt_lib_init_return                     0x0800020d   Thumb Code     0  libinit2.o(.ARM.Collect$$libinit$$00000033)
    __rt_lib_init_signal_1                   0x0800020d   Thumb Code     0  libinit2.o(.ARM.Collect$$libinit$$0000001D)
    __rt_lib_init_stdio_1                    0x0800020d   Thumb Code     0  libinit2.o(.ARM.Collect$$libinit$$00000025)
    __rt_lib_shutdown                        0x0800020f   Thumb Code     0  libshutdown.o(.ARM.Collect$$libshutdown$$00000000)
    __rt_lib_shutdown_fp_trap_1              0x08000211   Thumb Code     0  libshutdown2.o(.ARM.Collect$$libshutdown$$00000006)
    __rt_lib_shutdown_heap_1                 0x08000211   Thumb Code     0  libshutdown2.o(.ARM.Collect$$libshutdown$$0000000E)
    __rt_lib_shutdown_return                 0x08000211   Thumb Code     0  libshutdown2.o(.ARM.Collect$$libshutdown$$0000000F)
    __rt_lib_shutdown_signal_1               0x08000211   Thumb Code     0  libshutdown2.o(.ARM.Collect$$libshutdown$$00000009)
    __rt_lib_shutdown_stdio_1                0x08000211   Thumb Code     0  libshutdown2.o(.ARM.Collect$$libshutdown$$00000003)
    __rt_lib_shutdown_user_alloc_1           0x08000211   Thumb Code     0  libshutdown2.o(.ARM.Collect$$libshutdown$$0000000B)
    __rt_entry                               0x08000213   Thumb Code     0  __rtentry.o(.ARM.Collect$$rtentry$$00000000)
    __rt_entry_presh_1                       0x08000213   Thumb Code     0  __rtentry2.o(.ARM.Collect$$rtentry$$00000002)
    __rt_entry_sh                            0x08000213   Thumb Code     0  __rtentry4.o(.ARM.Collect$$rtentry$$00000004)
    __rt_entry_li                            0x08000219   Thumb Code     0  __rtentry2.o(.ARM.Collect$$rtentry$$0000000A)
    __rt_entry_postsh_1                      0x08000219   Thumb Code     0  __rtentry2.o(.ARM.Collect$$rtentry$$00000009)
    __rt_entry_main                          0x0800021d   Thumb Code     0  __rtentry2.o(.ARM.Collect$$rtentry$$0000000D)
    __rt_entry_postli_1                      0x0800021d   Thumb Code     0  __rtentry2.o(.ARM.Collect$$rtentry$$0000000C)
    __rt_exit                                0x08000225   Thumb Code     0  rtexit.o(.ARM.Collect$$rtexit$$00000000)
    __rt_exit_ls                             0x08000227   Thumb Code     0  rtexit2.o(.ARM.Collect$$rtexit$$00000003)
    __rt_exit_prels_1                        0x08000227   Thumb Code     0  rtexit2.o(.ARM.Collect$$rtexit$$00000002)
    __rt_exit_exit                           0x0800022b   Thumb Code     0  rtexit2.o(.ARM.Collect$$rtexit$$00000004)
    Reset_Handler                            0x08000231   Thumb Code     8  startup_stm32f10x_hd.o(.text)
    ADC1_2_IRQHandler                        0x0800024b   Thumb Code     0  startup_stm32f10x_hd.o(.text)
    ADC3_IRQHandler                          0x0800024b   Thumb Code     0  startup_stm32f10x_hd.o(.text)
    CAN1_RX1_IRQHandler                      0x0800024b   Thumb Code     0  startup_stm32f10x_hd.o(.text)
    CAN1_SCE_IRQHandler                      0x0800024b   Thumb Code     0  startup_stm32f10x_hd.o(.text)
    DMA1_Channel1_IRQHandler                 0x0800024b   Thumb Code     0  startup_stm32f10x_hd.o(.text)
    DMA1_Channel2_IRQHandler                 0x0800024b   Thumb Code     0  startup_stm32f10x_hd.o(.text)
    DMA1_Channel3_IRQHandler                 0x0800024b   Thumb Code     0  startup_stm32f10x_hd.o(.text)
    DMA1_Channel4_IRQHandler                 0x0800024b   Thumb Code     0  startup_stm32f10x_hd.o(.text)
    DMA1_Channel5_IRQHandler                 0x0800024b   Thumb Code     0  startup_stm32f10x_hd.o(.text)
    DMA1_Channel6_IRQHandler                 0x0800024b   Thumb Code     0  startup_stm32f10x_hd.o(.text)
    DMA1_Channel7_IRQHandler                 0x0800024b   Thumb Code     0  startup_stm32f10x_hd.o(.text)
    DMA2_Channel1_IRQHandler                 0x0800024b   Thumb Code     0  startup_stm32f10x_hd.o(.text)
    DMA2_Channel2_IRQHandler                 0x0800024b   Thumb Code     0  startup_stm32f10x_hd.o(.text)
    DMA2_Channel3_IRQHandler                 0x0800024b   Thumb Code     0  startup_stm32f10x_hd.o(.text)
    DMA2_Channel4_5_IRQHandler               0x0800024b   Thumb Code     0  startup_stm32f10x_hd.o(.text)
    EXTI0_IRQHandler                         0x0800024b   Thumb Code     0  startup_stm32f10x_hd.o(.text)
    EXTI15_10_IRQHandler                     0x0800024b   Thumb Code     0  startup_stm32f10x_hd.o(.text)
    EXTI1_IRQHandler                         0x0800024b   Thumb Code     0  startup_stm32f10x_hd.o(.text)
    EXTI2_IRQHandler                         0x0800024b   Thumb Code     0  startup_stm32f10x_hd.o(.text)
    EXTI3_IRQHandler                         0x0800024b   Thumb Code     0  startup_stm32f10x_hd.o(.text)
    EXTI4_IRQHandler                         0x0800024b   Thumb Code     0  startup_stm32f10x_hd.o(.text)
    EXTI9_5_IRQHandler                       0x0800024b   Thumb Code     0  startup_stm32f10x_hd.o(.text)
    FLASH_IRQHandler                         0x0800024b   Thumb Code     0  startup_stm32f10x_hd.o(.text)
    FSMC_IRQHandler                          0x0800024b   Thumb Code     0  startup_stm32f10x_hd.o(.text)
    I2C1_ER_IRQHandler                       0x0800024b   Thumb Code     0  startup_stm32f10x_hd.o(.text)
    I2C1_EV_IRQHandler                       0x0800024b   Thumb Code     0  startup_stm32f10x_hd.o(.text)
    I2C2_ER_IRQHandler                       0x0800024b   Thumb Code     0  startup_stm32f10x_hd.o(.text)
    I2C2_EV_IRQHandler                       0x0800024b   Thumb Code     0  startup_stm32f10x_hd.o(.text)
    PVD_IRQHandler                           0x0800024b   Thumb Code     0  startup_stm32f10x_hd.o(.text)
    RCC_IRQHandler                           0x0800024b   Thumb Code     0  startup_stm32f10x_hd.o(.text)
    RTCAlarm_IRQHandler                      0x0800024b   Thumb Code     0  startup_stm32f10x_hd.o(.text)
    RTC_IRQHandler                           0x0800024b   Thumb Code     0  startup_stm32f10x_hd.o(.text)
    SDIO_IRQHandler                          0x0800024b   Thumb Code     0  startup_stm32f10x_hd.o(.text)
    SPI1_IRQHandler                          0x0800024b   Thumb Code     0  startup_stm32f10x_hd.o(.text)
    SPI2_IRQHandler                          0x0800024b   Thumb Code     0  startup_stm32f10x_hd.o(.text)
    SPI3_IRQHandler                          0x0800024b   Thumb Code     0  startup_stm32f10x_hd.o(.text)
    TAMPER_IRQHandler                        0x0800024b   Thumb Code     0  startup_stm32f10x_hd.o(.text)
    TIM1_BRK_IRQHandler                      0x0800024b   Thumb Code     0  startup_stm32f10x_hd.o(.text)
    TIM1_CC_IRQHandler                       0x0800024b   Thumb Code     0  startup_stm32f10x_hd.o(.text)
    TIM1_TRG_COM_IRQHandler                  0x0800024b   Thumb Code     0  startup_stm32f10x_hd.o(.text)
    TIM4_IRQHandler                          0x0800024b   Thumb Code     0  startup_stm32f10x_hd.o(.text)
    TIM7_IRQHandler                          0x0800024b   Thumb Code     0  startup_stm32f10x_hd.o(.text)
    TIM8_BRK_IRQHandler                      0x0800024b   Thumb Code     0  startup_stm32f10x_hd.o(.text)
    TIM8_CC_IRQHandler                       0x0800024b   Thumb Code     0  startup_stm32f10x_hd.o(.text)
    TIM8_TRG_COM_IRQHandler                  0x0800024b   Thumb Code     0  startup_stm32f10x_hd.o(.text)
    TIM8_UP_IRQHandler                       0x0800024b   Thumb Code     0  startup_stm32f10x_hd.o(.text)
    UART4_IRQHandler                         0x0800024b   Thumb Code     0  startup_stm32f10x_hd.o(.text)
    UART5_IRQHandler                         0x0800024b   Thumb Code     0  startup_stm32f10x_hd.o(.text)
    USART2_IRQHandler                        0x0800024b   Thumb Code     0  startup_stm32f10x_hd.o(.text)
    USBWakeUp_IRQHandler                     0x0800024b   Thumb Code     0  startup_stm32f10x_hd.o(.text)
    USB_HP_CAN1_TX_IRQHandler                0x0800024b   Thumb Code     0  startup_stm32f10x_hd.o(.text)
    USB_LP_CAN1_RX0_IRQHandler               0x0800024b   Thumb Code     0  startup_stm32f10x_hd.o(.text)
    WWDG_IRQHandler                          0x0800024b   Thumb Code     0  startup_stm32f10x_hd.o(.text)
    __user_initial_stackheap                 0x0800024d   Thumb Code     0  startup_stm32f10x_hd.o(.text)
    __use_no_semihosting                     0x08000271   Thumb Code     2  use_no_semi_2.o(.text)
    __2printf                                0x08000275   Thumb Code    20  noretval__2printf.o(.text)
    _printf_int_dec                          0x0800028d   Thumb Code   104  _printf_dec.o(.text)
    _printf_int_hex                          0x08000305   Thumb Code    84  _printf_hex_int.o(.text)
    _printf_longlong_hex                     0x08000305   Thumb Code     0  _printf_hex_int.o(.text)
    __printf                                 0x0800035d   Thumb Code   270  __printf_wp.o(.text)
    __use_two_region_memory                  0x0800046b   Thumb Code     2  heapauxi.o(.text)
    __rt_heap_escrow$2region                 0x0800046d   Thumb Code     2  heapauxi.o(.text)
    __rt_heap_expand$2region                 0x0800046f   Thumb Code     2  heapauxi.o(.text)
    __I$use$semihosting                      0x08000471   Thumb Code     0  use_no_semi.o(.text)
    __use_no_semihosting_swi                 0x08000471   Thumb Code     2  use_no_semi.o(.text)
    __read_errno                             0x08000473   Thumb Code    10  _rserrno.o(.text)
    __set_errno                              0x0800047d   Thumb Code    12  _rserrno.o(.text)
    _printf_int_common                       0x08000489   Thumb Code   178  _printf_intcommon.o(.text)
    __lib_sel_fp_printf                      0x0800053b   Thumb Code     2  _printf_fp_dec.o(.text)
    _printf_fp_dec_real                      0x080006e9   Thumb Code   620  _printf_fp_dec.o(.text)
    _printf_char_file                        0x08000955   Thumb Code    32  _printf_char_file.o(.text)
    __rt_locale                              0x08000979   Thumb Code     8  rt_locale_intlibspace.o(.text)
    __aeabi_errno_addr                       0x08000981   Thumb Code     8  rt_errno_addr_intlibspace.o(.text)
    __errno$intlibspace                      0x08000981   Thumb Code     0  rt_errno_addr_intlibspace.o(.text)
    __rt_errno_addr$intlibspace              0x08000981   Thumb Code     0  rt_errno_addr_intlibspace.o(.text)
    _ll_udiv10                               0x08000989   Thumb Code   138  lludiv10.o(.text)
    _printf_char_common                      0x08000a1f   Thumb Code    32  _printf_char_common.o(.text)
    _printf_fp_infnan                        0x08000a45   Thumb Code   112  _printf_fp_infnan.o(.text)
    _btod_etento                             0x08000ac5   Thumb Code   216  bigflt0.o(.text)
    ferror                                   0x08000ba1   Thumb Code     8  ferror.o(.text)
    __user_libspace                          0x08000ba9   Thumb Code     8  libspace.o(.text)
    __user_perproc_libspace                  0x08000ba9   Thumb Code     0  libspace.o(.text)
    __user_perthread_libspace                0x08000ba9   Thumb Code     0  libspace.o(.text)
    __user_setup_stackheap                   0x08000bb1   Thumb Code    74  sys_stackheap_outer.o(.text)
    exit                                     0x08000bfb   Thumb Code    12  exit.o(.text)
    strcmp                                   0x08000c09   Thumb Code   128  strcmpv7m.o(.text)
    _btod_d2e                                0x08000c89   Thumb Code    62  btod.o(CL$$btod_d2e)
    _d2e_denorm_low                          0x08000cc7   Thumb Code    70  btod.o(CL$$btod_d2e_denorm_low)
    _d2e_norm_op1                            0x08000d0d   Thumb Code    96  btod.o(CL$$btod_d2e_norm_op1)
    __btod_div_common                        0x08000d6d   Thumb Code   696  btod.o(CL$$btod_div_common)
    _e2e                                     0x080010a5   Thumb Code   198  btod.o(CL$$btod_e2e)
    _btod_ediv                               0x0800116b   Thumb Code    40  btod.o(CL$$btod_ediv)
    _btod_emul                               0x08001193   Thumb Code    40  btod.o(CL$$btod_emul)
    __btod_mult_common                       0x080011bb   Thumb Code   580  btod.o(CL$$btod_mult_common)
    Angle_solving                            0x08001401   Thumb Code   428  kinematics_solution.o(i.Angle_solving)
    BH1750_Init                              0x080015c5   Thumb Code    14  gy_30.o(i.BH1750_Init)
    BH1750_RecvACK                           0x080015d5   Thumb Code   100  gy_30.o(i.BH1750_RecvACK)
    BH1750_RecvByte                          0x0800163d   Thumb Code   130  gy_30.o(i.BH1750_RecvByte)
    BH1750_SendACK                           0x080016c5   Thumb Code    98  gy_30.o(i.BH1750_SendACK)
    BH1750_SendByte                          0x0800172d   Thumb Code    86  gy_30.o(i.BH1750_SendByte)
    BH1750_Start                             0x08001789   Thumb Code    56  gy_30.o(i.BH1750_Start)
    BH1750_Stop                              0x080017c5   Thumb Code    46  gy_30.o(i.BH1750_Stop)
    BusFault_Handler                         0x080017f9   Thumb Code     4  stm32f10x_it.o(i.BusFault_Handler)
    Car_Star                                 0x080017fd   Thumb Code    12  control.o(i.Car_Star)
    Car_stop                                 0x0800180d   Thumb Code    68  control.o(i.Car_stop)
    DHT11_Check                              0x0800185d   Thumb Code    92  dht11.o(i.DHT11_Check)
    DHT11_Init                               0x080018c1   Thumb Code    58  dht11.o(i.DHT11_Init)
    DHT11_Read_Bit                           0x08001901   Thumb Code    70  dht11.o(i.DHT11_Read_Bit)
    DHT11_Read_Byte                          0x0800194d   Thumb Code    30  dht11.o(i.DHT11_Read_Byte)
    DHT11_Read_Data                          0x0800196b   Thumb Code   110  dht11.o(i.DHT11_Read_Data)
    DHT11_Rst                                0x080019d9   Thumb Code    52  dht11.o(i.DHT11_Rst)
    DebugMon_Handler                         0x08001a19   Thumb Code     2  stm32f10x_it.o(i.DebugMon_Handler)
    Encoder_TIM2_Init                        0x08001a1d   Thumb Code   192  encoder.o(i.Encoder_TIM2_Init)
    Encoder_TIM3_Init                        0x08001aed   Thumb Code   148  encoder.o(i.Encoder_TIM3_Init)
    Follow_the_trail                         0x08001b89   Thumb Code   682  tcrc5000.o(i.Follow_the_trail)
    GPIOConfig                               0x08001e45   Thumb Code    38  gy_30.o(i.GPIOConfig)
    GPIO_Init                                0x08001e71   Thumb Code   278  stm32f10x_gpio.o(i.GPIO_Init)
    GPIO_PinRemapConfig                      0x08001f89   Thumb Code   138  stm32f10x_gpio.o(i.GPIO_PinRemapConfig)
    GPIO_ReadInputDataBit                    0x08002019   Thumb Code    18  stm32f10x_gpio.o(i.GPIO_ReadInputDataBit)
    GPIO_ResetBits                           0x0800202b   Thumb Code     4  stm32f10x_gpio.o(i.GPIO_ResetBits)
    GPIO_SetBits                             0x0800202f   Thumb Code     4  stm32f10x_gpio.o(i.GPIO_SetBits)
    GY_30_start                              0x08002035   Thumb Code   100  gy_30.o(i.GY_30_start)
    Gain_Ripe_Fruit                          0x080020a9   Thumb Code   308  robotic_arm.o(i.Gain_Ripe_Fruit)
    Gain_Unripe_Fruit                        0x080021e5   Thumb Code   310  robotic_arm.o(i.Gain_Unripe_Fruit)
    GetDistance                              0x08002325   Thumb Code   138  hcsr04.o(i.GetDistance)
    Go_ahead                                 0x080023c1   Thumb Code    20  control.o(i.Go_ahead)
    Go_back                                  0x080023dd   Thumb Code    58  control.o(i.Go_back)
    HCSR04_Init                              0x0800242d   Thumb Code    62  hcsr04.o(i.HCSR04_Init)
    HardFault_Handler                        0x08002471   Thumb Code     4  stm32f10x_it.o(i.HardFault_Handler)
    I2C_Start                                0x08002475   Thumb Code    44  oled.o(i.I2C_Start)
    I2C_Stop                                 0x080024a5   Thumb Code    34  oled.o(i.I2C_Stop)
    I2C_WaitAck                              0x080024cd   Thumb Code    24  oled.o(i.I2C_WaitAck)
    LED_Init                                 0x080024e9   Thumb Code    54  led.o(i.LED_Init)
    MOTO_Init                                0x08002525   Thumb Code    40  motor.o(i.MOTO_Init)
    MemManage_Handler                        0x08002551   Thumb Code     4  stm32f10x_it.o(i.MemManage_Handler)
    Motor_Init                               0x08002555   Thumb Code    42  control.o(i.Motor_Init)
    NMI_Handler                              0x0800257f   Thumb Code     2  stm32f10x_it.o(i.NMI_Handler)
    NVIC_Init                                0x08002581   Thumb Code   100  misc.o(i.NVIC_Init)
    NVIC_PriorityGroupConfig                 0x080025f1   Thumb Code    10  misc.o(i.NVIC_PriorityGroupConfig)
    OLED_Clear                               0x08002605   Thumb Code    42  oled.o(i.OLED_Clear)
    OLED_ClearPoint                          0x08002635   Thumb Code    90  oled.o(i.OLED_ClearPoint)
    OLED_ColorTurn                           0x08002695   Thumb Code    28  oled.o(i.OLED_ColorTurn)
    OLED_DisplayTurn                         0x080026b1   Thumb Code    44  oled.o(i.OLED_DisplayTurn)
    OLED_DrawPoint                           0x080026dd   Thumb Code    54  oled.o(i.OLED_DrawPoint)
    OLED_Init                                0x08002719   Thumb Code   336  oled.o(i.OLED_Init)
    OLED_Pow                                 0x0800286d   Thumb Code    22  oled.o(i.OLED_Pow)
    OLED_Refresh                             0x08002885   Thumb Code    70  oled.o(i.OLED_Refresh)
    OLED_ShowChar                            0x080028d1   Thumb Code   240  oled.o(i.OLED_ShowChar)
    OLED_ShowChinese                         0x080029cd   Thumb Code   248  oled.o(i.OLED_ShowChinese)
    OLED_ShowNum                             0x08002ad5   Thumb Code   116  oled.o(i.OLED_ShowNum)
    OLED_ShowString                          0x08002b49   Thumb Code    66  oled.o(i.OLED_ShowString)
    OLED_WR_Byte                             0x08002b8b   Thumb Code    56  oled.o(i.OLED_WR_Byte)
    Openmv_init                              0x08002bc5   Thumb Code    50  relay.o(i.Openmv_init)
    Openmv_off                               0x08002bfd   Thumb Code    14  relay.o(i.Openmv_off)
    Openmv_on                                0x08002c11   Thumb Code    32  relay.o(i.Openmv_on)
    PWM_Init_TIM4_CH2                        0x08002c39   Thumb Code   132  turn.o(i.PWM_Init_TIM4_CH2)
    PWM_Init_TIM4_CH3                        0x08002cc5   Thumb Code   144  motor.o(i.PWM_Init_TIM4_CH3)
    PWM_Init_TIM4_CH4                        0x08002d5d   Thumb Code   152  motor.o(i.PWM_Init_TIM4_CH4)
    PendSV_Handler                           0x08002dfd   Thumb Code     2  stm32f10x_it.o(i.PendSV_Handler)
    Position_PID                             0x08002e01   Thumb Code   128  control.o(i.Position_PID)
    RCC_APB1PeriphClockCmd                   0x08002e99   Thumb Code    26  stm32f10x_rcc.o(i.RCC_APB1PeriphClockCmd)
    RCC_APB2PeriphClockCmd                   0x08002eb9   Thumb Code    26  stm32f10x_rcc.o(i.RCC_APB2PeriphClockCmd)
    RCC_GetClocksFreq                        0x08002ed9   Thumb Code   192  stm32f10x_rcc.o(i.RCC_GetClocksFreq)
    Radian_angle                             0x08002fad   Thumb Code    44  kinematics_solution.o(i.Radian_angle)
    Read_Encoder                             0x08002fe5   Thumb Code    66  encoder.o(i.Read_Encoder)
    Robot_Arm_Init                           0x08003031   Thumb Code   122  robotic_arm.o(i.Robot_Arm_Init)
    Robot_arm_base_init                      0x080030b5   Thumb Code   132  robotic_arm.o(i.Robot_arm_base_init)
    Robot_bigarm_init                        0x08003141   Thumb Code   134  robotic_arm.o(i.Robot_bigarm_init)
    Robot_hand_init                          0x080031d1   Thumb Code   136  robotic_arm.o(i.Robot_hand_init)
    Robot_smallarm_init                      0x08003261   Thumb Code   136  robotic_arm.o(i.Robot_smallarm_init)
    SVC_Handler                              0x080032f1   Thumb Code     2  stm32f10x_it.o(i.SVC_Handler)
    Send_Byte                                0x080032f5   Thumb Code    80  oled.o(i.Send_Byte)
    Set_Pwm_Left                             0x08003431   Thumb Code    28  control.o(i.Set_Pwm_Left)
    Set_Pwm_Right                            0x08003459   Thumb Code    28  control.o(i.Set_Pwm_Right)
    Single_Write_BH1750                      0x08003481   Thumb Code    26  gy_30.o(i.Single_Write_BH1750)
    Sqrt                                     0x0800349d   Thumb Code   202  kinematics_solution.o(i.Sqrt)
    SysTick_CLKSourceConfig                  0x0800357d   Thumb Code    40  misc.o(i.SysTick_CLKSourceConfig)
    SysTick_Handler                          0x080035a5   Thumb Code     2  stm32f10x_it.o(i.SysTick_Handler)
    SystemInit                               0x080035a9   Thumb Code    78  system_stm32f10x.o(i.SystemInit)
    TCRC5000_init                            0x08003609   Thumb Code    32  tcrc5000.o(i.TCRC5000_init)
    TIM1_Int_Init                            0x0800386d   Thumb Code    88  timer.o(i.TIM1_Int_Init)
    TIM1_UP_IRQHandler                       0x080038c9   Thumb Code   174  control.o(i.TIM1_UP_IRQHandler)
    TIM2_IRQHandler                          0x080039ad   Thumb Code    24  encoder.o(i.TIM2_IRQHandler)
    TIM3_IRQHandler                          0x080039c5   Thumb Code    24  encoder.o(i.TIM3_IRQHandler)
    TIM5_IRQHandler                          0x080039e1   Thumb Code   384  remote.o(i.TIM5_IRQHandler)
    TIM5_Init                                0x08003b79   Thumb Code    82  hcsr04.o(i.TIM5_Init)
    TIM6_IRQHandler                          0x08003bd1   Thumb Code   190  control.o(i.TIM6_IRQHandler)
    TIM6_Int_Init                            0x08003ca1   Thumb Code    90  tcrc5000.o(i.TIM6_Int_Init)
    TIM_ARRPreloadConfig                     0x08003d01   Thumb Code    24  stm32f10x_tim.o(i.TIM_ARRPreloadConfig)
    TIM_ClearFlag                            0x08003d19   Thumb Code     6  stm32f10x_tim.o(i.TIM_ClearFlag)
    TIM_ClearITPendingBit                    0x08003d1f   Thumb Code     6  stm32f10x_tim.o(i.TIM_ClearITPendingBit)
    TIM_Cmd                                  0x08003d25   Thumb Code    24  stm32f10x_tim.o(i.TIM_Cmd)
    TIM_CtrlPWMOutputs                       0x08003d3d   Thumb Code    30  stm32f10x_tim.o(i.TIM_CtrlPWMOutputs)
    TIM_EncoderInterfaceConfig               0x08003d5b   Thumb Code    66  stm32f10x_tim.o(i.TIM_EncoderInterfaceConfig)
    TIM_GetCapture4                          0x08003d9d   Thumb Code     8  stm32f10x_tim.o(i.TIM_GetCapture4)
    TIM_GetCounter                           0x08003da5   Thumb Code     6  stm32f10x_tim.o(i.TIM_GetCounter)
    TIM_GetFlagStatus                        0x08003dab   Thumb Code    18  stm32f10x_tim.o(i.TIM_GetFlagStatus)
    TIM_GetITStatus                          0x08003dbd   Thumb Code    34  stm32f10x_tim.o(i.TIM_GetITStatus)
    TIM_ICInit                               0x08003de1   Thumb Code   150  stm32f10x_tim.o(i.TIM_ICInit)
    TIM_ICStructInit                         0x08003e8d   Thumb Code    18  stm32f10x_tim.o(i.TIM_ICStructInit)
    TIM_ITConfig                             0x08003e9f   Thumb Code    18  stm32f10x_tim.o(i.TIM_ITConfig)
    TIM_OC1Init                              0x08003eb1   Thumb Code   132  stm32f10x_tim.o(i.TIM_OC1Init)
    TIM_OC1PreloadConfig                     0x08003f49   Thumb Code    18  stm32f10x_tim.o(i.TIM_OC1PreloadConfig)
    TIM_OC2Init                              0x08003f5d   Thumb Code   154  stm32f10x_tim.o(i.TIM_OC2Init)
    TIM_OC2PreloadConfig                     0x08004001   Thumb Code    26  stm32f10x_tim.o(i.TIM_OC2PreloadConfig)
    TIM_OC3Init                              0x0800401d   Thumb Code   150  stm32f10x_tim.o(i.TIM_OC3Init)
    TIM_OC3PreloadConfig                     0x080040bd   Thumb Code    18  stm32f10x_tim.o(i.TIM_OC3PreloadConfig)
    TIM_OC4Init                              0x080040d1   Thumb Code   114  stm32f10x_tim.o(i.TIM_OC4Init)
    TIM_OC4PolarityConfig                    0x0800414d   Thumb Code    26  stm32f10x_tim.o(i.TIM_OC4PolarityConfig)
    TIM_OC4PreloadConfig                     0x08004167   Thumb Code    26  stm32f10x_tim.o(i.TIM_OC4PreloadConfig)
    TIM_PrescalerConfig                      0x08004181   Thumb Code     6  stm32f10x_tim.o(i.TIM_PrescalerConfig)
    TIM_SetCompare1                          0x08004187   Thumb Code     4  stm32f10x_tim.o(i.TIM_SetCompare1)
    TIM_SetCompare2                          0x0800418b   Thumb Code     4  stm32f10x_tim.o(i.TIM_SetCompare2)
    TIM_SetCompare3                          0x0800418f   Thumb Code     4  stm32f10x_tim.o(i.TIM_SetCompare3)
    TIM_SetCompare4                          0x08004193   Thumb Code     6  stm32f10x_tim.o(i.TIM_SetCompare4)
    TIM_SetCounter                           0x08004199   Thumb Code     4  stm32f10x_tim.o(i.TIM_SetCounter)
    TIM_SetIC1Prescaler                      0x0800419d   Thumb Code    18  stm32f10x_tim.o(i.TIM_SetIC1Prescaler)
    TIM_SetIC2Prescaler                      0x080041af   Thumb Code    26  stm32f10x_tim.o(i.TIM_SetIC2Prescaler)
    TIM_SetIC3Prescaler                      0x080041c9   Thumb Code    18  stm32f10x_tim.o(i.TIM_SetIC3Prescaler)
    TIM_SetIC4Prescaler                      0x080041db   Thumb Code    26  stm32f10x_tim.o(i.TIM_SetIC4Prescaler)
    TIM_TimeBaseInit                         0x080041f5   Thumb Code   122  stm32f10x_tim.o(i.TIM_TimeBaseInit)
    TIM_TimeBaseStructInit                   0x08004299   Thumb Code    18  stm32f10x_tim.o(i.TIM_TimeBaseStructInit)
    Turn_init                                0x080042ad   Thumb Code    38  turn.o(i.Turn_init)
    UART3_Init                               0x080042d9   Thumb Code   178  data.o(i.UART3_Init)
    UART4_Config                             0x08004399   Thumb Code   120  jq8400.o(i.UART4_Config)
    UART4_Send32bit                          0x08004419   Thumb Code   114  jq8400.o(i.UART4_Send32bit)
    UART4_Send8bit                           0x0800448b   Thumb Code    30  jq8400.o(i.UART4_Send8bit)
    USART1_IRQHandler                        0x080044a9   Thumb Code   122  usart.o(i.USART1_IRQHandler)
    USART3_IRQHandler                        0x08004531   Thumb Code   760  control.o(i.USART3_IRQHandler)
    USART_ClearFlag                          0x080048b5   Thumb Code    18  stm32f10x_usart.o(i.USART_ClearFlag)
    USART_ClearITPendingBit                  0x080048c7   Thumb Code    30  stm32f10x_usart.o(i.USART_ClearITPendingBit)
    USART_Cmd                                0x080048e5   Thumb Code    24  stm32f10x_usart.o(i.USART_Cmd)
    USART_GetFlagStatus                      0x080048fd   Thumb Code    26  stm32f10x_usart.o(i.USART_GetFlagStatus)
    USART_GetITStatus                        0x08004917   Thumb Code    84  stm32f10x_usart.o(i.USART_GetITStatus)
    USART_ITConfig                           0x0800496b   Thumb Code    74  stm32f10x_usart.o(i.USART_ITConfig)
    USART_Init                               0x080049b5   Thumb Code   210  stm32f10x_usart.o(i.USART_Init)
    USART_ReceiveData                        0x08004a8d   Thumb Code    10  stm32f10x_usart.o(i.USART_ReceiveData)
    USART_SendData                           0x08004a97   Thumb Code     8  stm32f10x_usart.o(i.USART_SendData)
    UsageFault_Handler                       0x08004a9f   Thumb Code     4  stm32f10x_it.o(i.UsageFault_Handler)
    Xianfu_Pwm_L                             0x08004aa5   Thumb Code    34  control.o(i.Xianfu_Pwm_L)
    Xianfu_Pwm_R                             0x08004acd   Thumb Code    34  control.o(i.Xianfu_Pwm_R)
    __ARM_fpclassify                         0x08004af5   Thumb Code    40  fpclassify.o(i.__ARM_fpclassify)
    __kernel_poly                            0x08004b1d   Thumb Code   170  poly.o(i.__kernel_poly)
    __mathlib_dbl_infnan                     0x08004bc7   Thumb Code     6  dunder.o(i.__mathlib_dbl_infnan)
    __mathlib_dbl_infnan2                    0x08004bcd   Thumb Code     4  dunder.o(i.__mathlib_dbl_infnan2)
    __mathlib_dbl_invalid                    0x08004bd1   Thumb Code    12  dunder.o(i.__mathlib_dbl_invalid)
    __mathlib_dbl_underflow                  0x08004bdd   Thumb Code    10  dunder.o(i.__mathlib_dbl_underflow)
    _is_digit                                0x08004bed   Thumb Code    14  __printf_wp.o(i._is_digit)
    _sys_exit                                0x08004bfb   Thumb Code     4  usart.o(i._sys_exit)
    acos                                     0x08004c01   Thumb Code   574  acos.o(i.acos)
    atan                                     0x08004e7d   Thumb Code   474  atan.o(i.atan)
    atan2                                    0x0800509d   Thumb Code   346  atan2.o(i.atan2)
    big_arm_work                             0x0800521d   Thumb Code    84  kinematics_solution.o(i.big_arm_work)
    delay_init                               0x08005285   Thumb Code    50  delay.o(i.delay_init)
    delay_ms                                 0x080052c9   Thumb Code    72  delay.o(i.delay_ms)
    delay_us                                 0x08005315   Thumb Code    72  delay.o(i.delay_us)
    fputc                                    0x08005361   Thumb Code    32  usart.o(i.fputc)
    main                                     0x08005385   Thumb Code   124  main.o(i.main)
    mread                                    0x08005401   Thumb Code    62  gy_30.o(i.mread)
    oled_show_furit_count                    0x08005445   Thumb Code   240  oled.o(i.oled_show_furit_count)
    oled_show_temperture                     0x08005545   Thumb Code   564  oled.o(i.oled_show_temperture)
    playsong                                 0x08005791   Thumb Code   156  jq8400.o(i.playsong)
    small_arm_work                           0x08005835   Thumb Code    84  kinematics_solution.o(i.small_arm_work)
    sqrt                                     0x0800589d   Thumb Code    76  sqrt.o(i.sqrt)
    uart_init                                0x080058e9   Thumb Code   152  usart.o(i.uart_init)
    _get_lc_numeric                          0x08005989   Thumb Code    44  lc_numeric_c.o(locale$$code)
    __aeabi_d2f                              0x080059b5   Thumb Code     0  d2f.o(x$fpl$d2f)
    _d2f                                     0x080059b5   Thumb Code    98  d2f.o(x$fpl$d2f)
    __aeabi_dadd                             0x08005a19   Thumb Code     0  daddsub_clz.o(x$fpl$dadd)
    _dadd                                    0x08005a19   Thumb Code   332  daddsub_clz.o(x$fpl$dadd)
    __fpl_dcheck_NaN1                        0x08005b69   Thumb Code    10  dcheck1.o(x$fpl$dcheck1)
    __fpl_dcmp_Inf                           0x08005b79   Thumb Code    24  dcmpi.o(x$fpl$dcmpinf)
    __aeabi_ddiv                             0x08005b91   Thumb Code     0  ddiv.o(x$fpl$ddiv)
    _ddiv                                    0x08005b91   Thumb Code   552  ddiv.o(x$fpl$ddiv)
    __aeabi_d2iz                             0x08005e41   Thumb Code     0  dfix.o(x$fpl$dfix)
    _dfix                                    0x08005e41   Thumb Code    94  dfix.o(x$fpl$dfix)
    __aeabi_d2uiz                            0x08005ea1   Thumb Code     0  dfixu.o(x$fpl$dfixu)
    _dfixu                                   0x08005ea1   Thumb Code    90  dfixu.o(x$fpl$dfixu)
    __aeabi_i2d                              0x08005efb   Thumb Code     0  dflt_clz.o(x$fpl$dflt)
    _dflt                                    0x08005efb   Thumb Code    46  dflt_clz.o(x$fpl$dflt)
    __aeabi_cdcmple                          0x08005f29   Thumb Code     0  dleqf.o(x$fpl$dleqf)
    _dcmple                                  0x08005f29   Thumb Code   120  dleqf.o(x$fpl$dleqf)
    __fpl_dcmple_InfNaN                      0x08005f8b   Thumb Code     0  dleqf.o(x$fpl$dleqf)
    __aeabi_dmul                             0x08005fa1   Thumb Code     0  dmul.o(x$fpl$dmul)
    _dmul                                    0x08005fa1   Thumb Code   332  dmul.o(x$fpl$dmul)
    __fpl_dnaninf                            0x080060f5   Thumb Code   156  dnaninf.o(x$fpl$dnaninf)
    __fpl_dretinf                            0x08006191   Thumb Code    12  dretinf.o(x$fpl$dretinf)
    __aeabi_cdrcmple                         0x0800619d   Thumb Code     0  drleqf.o(x$fpl$drleqf)
    _drcmple                                 0x0800619d   Thumb Code   108  drleqf.o(x$fpl$drleqf)
    __aeabi_drsub                            0x08006209   Thumb Code     0  daddsub_clz.o(x$fpl$drsb)
    _drsb                                    0x08006209   Thumb Code    22  daddsub_clz.o(x$fpl$drsb)
    _dsqrt                                   0x08006221   Thumb Code   456  dsqrt_noumaal.o(x$fpl$dsqrt)
    __aeabi_dsub                             0x080063ed   Thumb Code     0  daddsub_clz.o(x$fpl$dsub)
    _dsub                                    0x080063ed   Thumb Code   464  daddsub_clz.o(x$fpl$dsub)
    __aeabi_f2d                              0x080065c1   Thumb Code     0  f2d.o(x$fpl$f2d)
    _f2d                                     0x080065c1   Thumb Code    86  f2d.o(x$fpl$f2d)
    __aeabi_fadd                             0x08006619   Thumb Code     0  faddsub_clz.o(x$fpl$fadd)
    _fadd                                    0x08006619   Thumb Code   196  faddsub_clz.o(x$fpl$fadd)
    __aeabi_fdiv                             0x080066dd   Thumb Code     0  fdiv.o(x$fpl$fdiv)
    _fdiv                                    0x080066dd   Thumb Code   384  fdiv.o(x$fpl$fdiv)
    __aeabi_f2iz                             0x08006861   Thumb Code     0  ffix.o(x$fpl$ffix)
    _ffix                                    0x08006861   Thumb Code    54  ffix.o(x$fpl$ffix)
    __aeabi_i2f                              0x08006899   Thumb Code     0  fflt_clz.o(x$fpl$fflt)
    _fflt                                    0x08006899   Thumb Code    48  fflt_clz.o(x$fpl$fflt)
    __aeabi_fmul                             0x080068c9   Thumb Code     0  fmul.o(x$fpl$fmul)
    _fmul                                    0x080068c9   Thumb Code   258  fmul.o(x$fpl$fmul)
    __fpl_fnaninf                            0x080069cb   Thumb Code   140  fnaninf.o(x$fpl$fnaninf)
    __fpl_fretinf                            0x08006a57   Thumb Code    10  fretinf.o(x$fpl$fretinf)
    __aeabi_frsub                            0x08006a61   Thumb Code     0  faddsub_clz.o(x$fpl$frsb)
    _frsb                                    0x08006a61   Thumb Code    20  faddsub_clz.o(x$fpl$frsb)
    __aeabi_fsub                             0x08006a75   Thumb Code     0  faddsub_clz.o(x$fpl$fsub)
    _fsub                                    0x08006a75   Thumb Code   234  faddsub_clz.o(x$fpl$fsub)
    _printf_fp_dec                           0x08006b5f   Thumb Code     4  printf1.o(x$fpl$printf1)
    __fpl_return_NaN                         0x08006b63   Thumb Code   100  retnan.o(x$fpl$retnan)
    __ARM_scalbn                             0x08006bc7   Thumb Code    92  scalbn.o(x$fpl$scalbn)
    __fpl_cmpreturn                          0x08006c23   Thumb Code    48  trapv.o(x$fpl$trapveneer)
    __I$use$fp                               0x08006c52   Number         0  usenofp.o(x$fpl$usenofp)
    asc2_1206                                0x08006c52   Data        1140  oled.o(.constdata)
    asc2_1608                                0x080070c6   Data        1520  oled.o(.constdata)
    asc2_2412                                0x080076b6   Data        3420  oled.o(.constdata)
    __mathlib_zero                           0x08008528   Data           8  qnan.o(.constdata)
    Region$$Table$$Base                      0x080085c4   Number         0  anon$$obj.o(Region$$Table)
    Region$$Table$$Limit                     0x080085e4   Number         0  anon$$obj.o(Region$$Table)
    SystemCoreClock                          0x20000000   Data           4  system_stm32f10x.o(.data)
    AHBPrescTable                            0x20000004   Data          16  system_stm32f10x.o(.data)
    __stdout                                 0x20000018   Data           4  usart.o(.data)
    USART_RX_STA                             0x2000001c   Data           2  usart.o(.data)
    Encoder_R                                0x20000038   Data           4  control.o(.data)
    Encoder_L                                0x2000003c   Data           4  control.o(.data)
    Moto_L                                   0x20000040   Data           4  control.o(.data)
    Moto_R                                   0x20000044   Data           4  control.o(.data)
    moto_time                                0x20000048   Data           1  control.o(.data)
    distance                                 0x2000004c   Data           4  control.o(.data)
    fruit_count                              0x20000050   Data           4  control.o(.data)
    count                                    0x20000054   Data           4  control.o(.data)
    unfruit_count                            0x20000058   Data           4  control.o(.data)
    turn_sign                                0x2000005c   Data           4  control.o(.data)
    i                                        0x20000060   Data           4  control.o(.data)
    Hzk1                                     0x20000080   Data         832  oled.o(.data)
    Hzk2                                     0x200003c0   Data         216  oled.o(.data)
    Hzk3                                     0x20000498   Data         512  oled.o(.data)
    Hzk4                                     0x20000698   Data        4096  oled.o(.data)
    RmtSta                                   0x20001698   Data           1  remote.o(.data)
    Dval                                     0x2000169a   Data           2  remote.o(.data)
    RmtRec                                   0x2000169c   Data           4  remote.o(.data)
    RmtCnt                                   0x200016a0   Data           1  remote.o(.data)
    line_sign                                0x200016a4   Data           4  tcrc5000.o(.data)
    BUF                                      0x200016a8   Data           8  gy_30.o(.data)
    dis_data                                 0x200016b0   Data           4  gy_30.o(.data)
    mcy                                      0x200016b4   Data           4  gy_30.o(.data)
    big_angle                                0x200016b8   Data           4  kinematics_solution.o(.data)
    small_angle                              0x200016bc   Data           4  kinematics_solution.o(.data)
    USART_RX_BUF                             0x200016c0   Data         200  usart.o(.bss)
    OLED_GRAM                                0x20001788   Data        1152  oled.o(.bss)
    xunji                                    0x20001c08   Data          20  tcrc5000.o(.bss)
    __libspace_start                         0x20001c1c   Data          96  libspace.o(.bss)
    __temporary_stack_top$libspace           0x20001c7c   Data           0  libspace.o(.bss)



==============================================================================

Memory Map of the image

  Image Entry point : 0x08000231

  Load Region LR_1 (Base: 0x08000000, Size: 0x00009cc0, Max: 0xffffffff, ABSOLUTE, COMPRESSED[0x00008964])

    Execution Region ER_RO (Base: 0x08000000, Size: 0x00008600, Max: 0xffffffff, ABSOLUTE)

    Base Addr    Size         Type   Attr      Idx    E Section Name        Object

    0x08000000   0x00000130   Data   RO          400    RESET               startup_stm32f10x_hd.o
    0x08000130   0x00000008   Code   RO         4225  * !!!main             c_w.l(__main.o)
    0x08000138   0x00000034   Code   RO         4578    !!!scatter          c_w.l(__scatter.o)
    0x0800016c   0x0000005a   Code   RO         4576    !!dczerorl2         c_w.l(__dczerorl2.o)
    0x080001c6   0x00000002   PAD
    0x080001c8   0x0000001c   Code   RO         4580    !!handler_zi        c_w.l(__scatter_zi.o)
    0x080001e4   0x00000000   Code   RO         4222    .ARM.Collect$$_printf_percent$$00000000  c_w.l(_printf_percent.o)
    0x080001e4   0x00000006   Code   RO         4221    .ARM.Collect$$_printf_percent$$00000003  c_w.l(_printf_f.o)
    0x080001ea   0x00000006   Code   RO         4220    .ARM.Collect$$_printf_percent$$00000009  c_w.l(_printf_d.o)
    0x080001f0   0x00000006   Code   RO         4219    .ARM.Collect$$_printf_percent$$0000000C  c_w.l(_printf_x.o)
    0x080001f6   0x00000004   Code   RO         4314    .ARM.Collect$$_printf_percent$$00000017  c_w.l(_printf_percent_end.o)
    0x080001fa   0x00000002   Code   RO         4450    .ARM.Collect$$libinit$$00000000  c_w.l(libinit.o)
    0x080001fc   0x00000000   Code   RO         4452    .ARM.Collect$$libinit$$00000002  c_w.l(libinit2.o)
    0x080001fc   0x00000000   Code   RO         4454    .ARM.Collect$$libinit$$00000004  c_w.l(libinit2.o)
    0x080001fc   0x00000000   Code   RO         4457    .ARM.Collect$$libinit$$0000000A  c_w.l(libinit2.o)
    0x080001fc   0x00000000   Code   RO         4459    .ARM.Collect$$libinit$$0000000C  c_w.l(libinit2.o)
    0x080001fc   0x00000000   Code   RO         4461    .ARM.Collect$$libinit$$0000000E  c_w.l(libinit2.o)
    0x080001fc   0x00000006   Code   RO         4462    .ARM.Collect$$libinit$$0000000F  c_w.l(libinit2.o)
    0x08000202   0x00000000   Code   RO         4464    .ARM.Collect$$libinit$$00000011  c_w.l(libinit2.o)
    0x08000202   0x00000000   Code   RO         4466    .ARM.Collect$$libinit$$00000013  c_w.l(libinit2.o)
    0x08000202   0x00000000   Code   RO         4468    .ARM.Collect$$libinit$$00000015  c_w.l(libinit2.o)
    0x08000202   0x0000000a   Code   RO         4469    .ARM.Collect$$libinit$$00000016  c_w.l(libinit2.o)
    0x0800020c   0x00000000   Code   RO         4470    .ARM.Collect$$libinit$$00000017  c_w.l(libinit2.o)
    0x0800020c   0x00000000   Code   RO         4472    .ARM.Collect$$libinit$$00000019  c_w.l(libinit2.o)
    0x0800020c   0x00000000   Code   RO         4474    .ARM.Collect$$libinit$$0000001B  c_w.l(libinit2.o)
    0x0800020c   0x00000000   Code   RO         4476    .ARM.Collect$$libinit$$0000001D  c_w.l(libinit2.o)
    0x0800020c   0x00000000   Code   RO         4478    .ARM.Collect$$libinit$$0000001F  c_w.l(libinit2.o)
    0x0800020c   0x00000000   Code   RO         4480    .ARM.Collect$$libinit$$00000021  c_w.l(libinit2.o)
    0x0800020c   0x00000000   Code   RO         4482    .ARM.Collect$$libinit$$00000023  c_w.l(libinit2.o)
    0x0800020c   0x00000000   Code   RO         4484    .ARM.Collect$$libinit$$00000025  c_w.l(libinit2.o)
    0x0800020c   0x00000000   Code   RO         4488    .ARM.Collect$$libinit$$0000002C  c_w.l(libinit2.o)
    0x0800020c   0x00000000   Code   RO         4490    .ARM.Collect$$libinit$$0000002E  c_w.l(libinit2.o)
    0x0800020c   0x00000000   Code   RO         4492    .ARM.Collect$$libinit$$00000030  c_w.l(libinit2.o)
    0x0800020c   0x00000000   Code   RO         4494    .ARM.Collect$$libinit$$00000032  c_w.l(libinit2.o)
    0x0800020c   0x00000002   Code   RO         4495    .ARM.Collect$$libinit$$00000033  c_w.l(libinit2.o)
    0x0800020e   0x00000002   Code   RO         4527    .ARM.Collect$$libshutdown$$00000000  c_w.l(libshutdown.o)
    0x08000210   0x00000000   Code   RO         4537    .ARM.Collect$$libshutdown$$00000003  c_w.l(libshutdown2.o)
    0x08000210   0x00000000   Code   RO         4540    .ARM.Collect$$libshutdown$$00000006  c_w.l(libshutdown2.o)
    0x08000210   0x00000000   Code   RO         4543    .ARM.Collect$$libshutdown$$00000009  c_w.l(libshutdown2.o)
    0x08000210   0x00000000   Code   RO         4545    .ARM.Collect$$libshutdown$$0000000B  c_w.l(libshutdown2.o)
    0x08000210   0x00000000   Code   RO         4548    .ARM.Collect$$libshutdown$$0000000E  c_w.l(libshutdown2.o)
    0x08000210   0x00000002   Code   RO         4549    .ARM.Collect$$libshutdown$$0000000F  c_w.l(libshutdown2.o)
    0x08000212   0x00000000   Code   RO         4305    .ARM.Collect$$rtentry$$00000000  c_w.l(__rtentry.o)
    0x08000212   0x00000000   Code   RO         4364    .ARM.Collect$$rtentry$$00000002  c_w.l(__rtentry2.o)
    0x08000212   0x00000006   Code   RO         4376    .ARM.Collect$$rtentry$$00000004  c_w.l(__rtentry4.o)
    0x08000218   0x00000000   Code   RO         4366    .ARM.Collect$$rtentry$$00000009  c_w.l(__rtentry2.o)
    0x08000218   0x00000004   Code   RO         4367    .ARM.Collect$$rtentry$$0000000A  c_w.l(__rtentry2.o)
    0x0800021c   0x00000000   Code   RO         4369    .ARM.Collect$$rtentry$$0000000C  c_w.l(__rtentry2.o)
    0x0800021c   0x00000008   Code   RO         4370    .ARM.Collect$$rtentry$$0000000D  c_w.l(__rtentry2.o)
    0x08000224   0x00000002   Code   RO         4498    .ARM.Collect$$rtexit$$00000000  c_w.l(rtexit.o)
    0x08000226   0x00000000   Code   RO         4507    .ARM.Collect$$rtexit$$00000002  c_w.l(rtexit2.o)
    0x08000226   0x00000004   Code   RO         4508    .ARM.Collect$$rtexit$$00000003  c_w.l(rtexit2.o)
    0x0800022a   0x00000006   Code   RO         4509    .ARM.Collect$$rtexit$$00000004  c_w.l(rtexit2.o)
    0x08000230   0x00000040   Code   RO          401  * .text               startup_stm32f10x_hd.o
    0x08000270   0x00000002   Code   RO         4168    .text               c_w.l(use_no_semi_2.o)
    0x08000272   0x00000002   PAD
    0x08000274   0x00000018   Code   RO         4172    .text               c_w.l(noretval__2printf.o)
    0x0800028c   0x00000078   Code   RO         4176    .text               c_w.l(_printf_dec.o)
    0x08000304   0x00000058   Code   RO         4181    .text               c_w.l(_printf_hex_int.o)
    0x0800035c   0x0000010e   Code   RO         4207    .text               c_w.l(__printf_wp.o)
    0x0800046a   0x00000006   Code   RO         4223    .text               c_w.l(heapauxi.o)
    0x08000470   0x00000002   Code   RO         4303    .text               c_w.l(use_no_semi.o)
    0x08000472   0x00000016   Code   RO         4306    .text               c_w.l(_rserrno.o)
    0x08000488   0x000000b2   Code   RO         4308    .text               c_w.l(_printf_intcommon.o)
    0x0800053a   0x0000041a   Code   RO         4310    .text               c_w.l(_printf_fp_dec.o)
    0x08000954   0x00000024   Code   RO         4312    .text               c_w.l(_printf_char_file.o)
    0x08000978   0x00000008   Code   RO         4381    .text               c_w.l(rt_locale_intlibspace.o)
    0x08000980   0x00000008   Code   RO         4386    .text               c_w.l(rt_errno_addr_intlibspace.o)
    0x08000988   0x0000008a   Code   RO         4388    .text               c_w.l(lludiv10.o)
    0x08000a12   0x00000002   PAD
    0x08000a14   0x00000030   Code   RO         4390    .text               c_w.l(_printf_char_common.o)
    0x08000a44   0x00000080   Code   RO         4392    .text               c_w.l(_printf_fp_infnan.o)
    0x08000ac4   0x000000dc   Code   RO         4394    .text               c_w.l(bigflt0.o)
    0x08000ba0   0x00000008   Code   RO         4419    .text               c_w.l(ferror.o)
    0x08000ba8   0x00000008   Code   RO         4434    .text               c_w.l(libspace.o)
    0x08000bb0   0x0000004a   Code   RO         4437    .text               c_w.l(sys_stackheap_outer.o)
    0x08000bfa   0x0000000c   Code   RO         4441    .text               c_w.l(exit.o)
    0x08000c06   0x00000002   PAD
    0x08000c08   0x00000080   Code   RO         4443    .text               c_w.l(strcmpv7m.o)
    0x08000c88   0x0000003e   Code   RO         4397    CL$$btod_d2e        c_w.l(btod.o)
    0x08000cc6   0x00000046   Code   RO         4399    CL$$btod_d2e_denorm_low  c_w.l(btod.o)
    0x08000d0c   0x00000060   Code   RO         4398    CL$$btod_d2e_norm_op1  c_w.l(btod.o)
    0x08000d6c   0x00000338   Code   RO         4407    CL$$btod_div_common  c_w.l(btod.o)
    0x080010a4   0x000000c6   Code   RO         4404    CL$$btod_e2e        c_w.l(btod.o)
    0x0800116a   0x00000028   Code   RO         4401    CL$$btod_ediv       c_w.l(btod.o)
    0x08001192   0x00000028   Code   RO         4400    CL$$btod_emul       c_w.l(btod.o)
    0x080011ba   0x00000244   Code   RO         4406    CL$$btod_mult_common  c_w.l(btod.o)
    0x080013fe   0x00000002   PAD
    0x08001400   0x000001c4   Code   RO         4127    i.Angle_solving     kinematics_solution.o
    0x080015c4   0x0000000e   Code   RO         3971    i.BH1750_Init       gy_30.o
    0x080015d2   0x00000002   PAD
    0x080015d4   0x00000068   Code   RO         3972    i.BH1750_RecvACK    gy_30.o
    0x0800163c   0x00000088   Code   RO         3973    i.BH1750_RecvByte   gy_30.o
    0x080016c4   0x00000068   Code   RO         3974    i.BH1750_SendACK    gy_30.o
    0x0800172c   0x0000005c   Code   RO         3975    i.BH1750_SendByte   gy_30.o
    0x08001788   0x0000003c   Code   RO         3976    i.BH1750_Start      gy_30.o
    0x080017c4   0x00000034   Code   RO         3977    i.BH1750_Stop       gy_30.o
    0x080017f8   0x00000004   Code   RO          169    i.BusFault_Handler  stm32f10x_it.o
    0x080017fc   0x00000010   Code   RO         3408    i.Car_Star          control.o
    0x0800180c   0x00000050   Code   RO         3409    i.Car_stop          control.o
    0x0800185c   0x00000064   Code   RO         4085    i.DHT11_Check       dht11.o
    0x080018c0   0x00000040   Code   RO         4086    i.DHT11_Init        dht11.o
    0x08001900   0x0000004c   Code   RO         4087    i.DHT11_Read_Bit    dht11.o
    0x0800194c   0x0000001e   Code   RO         4088    i.DHT11_Read_Byte   dht11.o
    0x0800196a   0x0000006e   Code   RO         4089    i.DHT11_Read_Data   dht11.o
    0x080019d8   0x00000040   Code   RO         4090    i.DHT11_Rst         dht11.o
    0x08001a18   0x00000002   Code   RO          170    i.DebugMon_Handler  stm32f10x_it.o
    0x08001a1a   0x00000002   PAD
    0x08001a1c   0x000000d0   Code   RO         3372    i.Encoder_TIM2_Init  encoder.o
    0x08001aec   0x0000009c   Code   RO         3373    i.Encoder_TIM3_Init  encoder.o
    0x08001b88   0x000002bc   Code   RO         3943    i.Follow_the_trail  tcrc5000.o
    0x08001e44   0x0000002c   Code   RO         3978    i.GPIOConfig        gy_30.o
    0x08001e70   0x00000116   Code   RO         1556    i.GPIO_Init         stm32f10x_gpio.o
    0x08001f86   0x00000002   PAD
    0x08001f88   0x00000090   Code   RO         1558    i.GPIO_PinRemapConfig  stm32f10x_gpio.o
    0x08002018   0x00000012   Code   RO         1560    i.GPIO_ReadInputDataBit  stm32f10x_gpio.o
    0x0800202a   0x00000004   Code   RO         1563    i.GPIO_ResetBits    stm32f10x_gpio.o
    0x0800202e   0x00000004   Code   RO         1564    i.GPIO_SetBits      stm32f10x_gpio.o
    0x08002032   0x00000002   PAD
    0x08002034   0x00000074   Code   RO         3979    i.GY_30_start       gy_30.o
    0x080020a8   0x0000013c   Code   RO         3877    i.Gain_Ripe_Fruit   robotic_arm.o
    0x080021e4   0x00000140   Code   RO         3878    i.Gain_Unripe_Fruit  robotic_arm.o
    0x08002324   0x0000009c   Code   RO         4061    i.GetDistance       hcsr04.o
    0x080023c0   0x0000001c   Code   RO         3410    i.Go_ahead          control.o
    0x080023dc   0x00000050   Code   RO         3411    i.Go_back           control.o
    0x0800242c   0x00000044   Code   RO         4062    i.HCSR04_Init       hcsr04.o
    0x08002470   0x00000004   Code   RO          171    i.HardFault_Handler  stm32f10x_it.o
    0x08002474   0x00000030   Code   RO         3653    i.I2C_Start         oled.o
    0x080024a4   0x00000028   Code   RO         3654    i.I2C_Stop          oled.o
    0x080024cc   0x0000001c   Code   RO         3655    i.I2C_WaitAck       oled.o
    0x080024e8   0x0000003c   Code   RO         4049    i.LED_Init          led.o
    0x08002524   0x0000002c   Code   RO         3557    i.MOTO_Init         motor.o
    0x08002550   0x00000004   Code   RO          172    i.MemManage_Handler  stm32f10x_it.o
    0x08002554   0x0000002a   Code   RO         3412    i.Motor_Init        control.o
    0x0800257e   0x00000002   Code   RO          173    i.NMI_Handler       stm32f10x_it.o
    0x08002580   0x00000070   Code   RO          405    i.NVIC_Init         misc.o
    0x080025f0   0x00000014   Code   RO          406    i.NVIC_PriorityGroupConfig  misc.o
    0x08002604   0x00000030   Code   RO         3656    i.OLED_Clear        oled.o
    0x08002634   0x00000060   Code   RO         3657    i.OLED_ClearPoint   oled.o
    0x08002694   0x0000001c   Code   RO         3658    i.OLED_ColorTurn    oled.o
    0x080026b0   0x0000002c   Code   RO         3661    i.OLED_DisplayTurn  oled.o
    0x080026dc   0x0000003c   Code   RO         3663    i.OLED_DrawPoint    oled.o
    0x08002718   0x00000154   Code   RO         3664    i.OLED_Init         oled.o
    0x0800286c   0x00000016   Code   RO         3665    i.OLED_Pow          oled.o
    0x08002882   0x00000002   PAD
    0x08002884   0x0000004c   Code   RO         3666    i.OLED_Refresh      oled.o
    0x080028d0   0x000000fc   Code   RO         3668    i.OLED_ShowChar     oled.o
    0x080029cc   0x00000108   Code   RO         3669    i.OLED_ShowChinese  oled.o
    0x08002ad4   0x00000074   Code   RO         3670    i.OLED_ShowNum      oled.o
    0x08002b48   0x00000042   Code   RO         3672    i.OLED_ShowString   oled.o
    0x08002b8a   0x00000038   Code   RO         3674    i.OLED_WR_Byte      oled.o
    0x08002bc2   0x00000002   PAD
    0x08002bc4   0x00000038   Code   RO         3617    i.Openmv_init       relay.o
    0x08002bfc   0x00000014   Code   RO         3618    i.Openmv_off        relay.o
    0x08002c10   0x00000028   Code   RO         3619    i.Openmv_on         relay.o
    0x08002c38   0x0000008c   Code   RO         3829    i.PWM_Init_TIM4_CH2  turn.o
    0x08002cc4   0x00000098   Code   RO         3558    i.PWM_Init_TIM4_CH3  motor.o
    0x08002d5c   0x000000a0   Code   RO         3559    i.PWM_Init_TIM4_CH4  motor.o
    0x08002dfc   0x00000002   Code   RO          174    i.PendSV_Handler    stm32f10x_it.o
    0x08002dfe   0x00000002   PAD
    0x08002e00   0x00000098   Code   RO         3413    i.Position_PID      control.o
    0x08002e98   0x00000020   Code   RO         1972    i.RCC_APB1PeriphClockCmd  stm32f10x_rcc.o
    0x08002eb8   0x00000020   Code   RO         1974    i.RCC_APB2PeriphClockCmd  stm32f10x_rcc.o
    0x08002ed8   0x000000d4   Code   RO         1982    i.RCC_GetClocksFreq  stm32f10x_rcc.o
    0x08002fac   0x00000038   Code   RO         4128    i.Radian_angle      kinematics_solution.o
    0x08002fe4   0x0000004c   Code   RO         3374    i.Read_Encoder      encoder.o
    0x08003030   0x00000084   Code   RO         3879    i.Robot_Arm_Init    robotic_arm.o
    0x080030b4   0x0000008c   Code   RO         3880    i.Robot_arm_base_init  robotic_arm.o
    0x08003140   0x00000090   Code   RO         3881    i.Robot_bigarm_init  robotic_arm.o
    0x080031d0   0x00000090   Code   RO         3882    i.Robot_hand_init   robotic_arm.o
    0x08003260   0x00000090   Code   RO         3883    i.Robot_smallarm_init  robotic_arm.o
    0x080032f0   0x00000002   Code   RO          175    i.SVC_Handler       stm32f10x_it.o
    0x080032f2   0x00000002   PAD
    0x080032f4   0x00000054   Code   RO         3675    i.Send_Byte         oled.o
    0x08003348   0x00000008   Code   RO          258    i.SetSysClock       system_stm32f10x.o
    0x08003350   0x000000e0   Code   RO          259    i.SetSysClockTo72   system_stm32f10x.o
    0x08003430   0x00000028   Code   RO         3414    i.Set_Pwm_Left      control.o
    0x08003458   0x00000028   Code   RO         3416    i.Set_Pwm_Right     control.o
    0x08003480   0x0000001a   Code   RO         3980    i.Single_Write_BH1750  gy_30.o
    0x0800349a   0x00000002   PAD
    0x0800349c   0x000000e0   Code   RO         4129    i.Sqrt              kinematics_solution.o
    0x0800357c   0x00000028   Code   RO          409    i.SysTick_CLKSourceConfig  misc.o
    0x080035a4   0x00000002   Code   RO          176    i.SysTick_Handler   stm32f10x_it.o
    0x080035a6   0x00000002   PAD
    0x080035a8   0x00000060   Code   RO          261    i.SystemInit        system_stm32f10x.o
    0x08003608   0x00000024   Code   RO         3944    i.TCRC5000_init     tcrc5000.o
    0x0800362c   0x00000080   Code   RO         2590    i.TI1_Config        stm32f10x_tim.o
    0x080036ac   0x00000098   Code   RO         2591    i.TI2_Config        stm32f10x_tim.o
    0x08003744   0x00000090   Code   RO         2592    i.TI3_Config        stm32f10x_tim.o
    0x080037d4   0x00000098   Code   RO         2593    i.TI4_Config        stm32f10x_tim.o
    0x0800386c   0x0000005c   Code   RO         3641    i.TIM1_Int_Init     timer.o
    0x080038c8   0x000000e4   Code   RO         3419    i.TIM1_UP_IRQHandler  control.o
    0x080039ac   0x00000018   Code   RO         3375    i.TIM2_IRQHandler   encoder.o
    0x080039c4   0x0000001c   Code   RO         3376    i.TIM3_IRQHandler   encoder.o
    0x080039e0   0x00000198   Code   RO         3849    i.TIM5_IRQHandler   remote.o
    0x08003b78   0x00000058   Code   RO         4063    i.TIM5_Init         hcsr04.o
    0x08003bd0   0x000000d0   Code   RO         3420    i.TIM6_IRQHandler   control.o
    0x08003ca0   0x00000060   Code   RO         3945    i.TIM6_Int_Init     tcrc5000.o
    0x08003d00   0x00000018   Code   RO         2594    i.TIM_ARRPreloadConfig  stm32f10x_tim.o
    0x08003d18   0x00000006   Code   RO         2600    i.TIM_ClearFlag     stm32f10x_tim.o
    0x08003d1e   0x00000006   Code   RO         2601    i.TIM_ClearITPendingBit  stm32f10x_tim.o
    0x08003d24   0x00000018   Code   RO         2606    i.TIM_Cmd           stm32f10x_tim.o
    0x08003d3c   0x0000001e   Code   RO         2608    i.TIM_CtrlPWMOutputs  stm32f10x_tim.o
    0x08003d5a   0x00000042   Code   RO         2615    i.TIM_EncoderInterfaceConfig  stm32f10x_tim.o
    0x08003d9c   0x00000008   Code   RO         2624    i.TIM_GetCapture4   stm32f10x_tim.o
    0x08003da4   0x00000006   Code   RO         2625    i.TIM_GetCounter    stm32f10x_tim.o
    0x08003daa   0x00000012   Code   RO         2626    i.TIM_GetFlagStatus  stm32f10x_tim.o
    0x08003dbc   0x00000022   Code   RO         2627    i.TIM_GetITStatus   stm32f10x_tim.o
    0x08003dde   0x00000002   PAD
    0x08003de0   0x000000ac   Code   RO         2629    i.TIM_ICInit        stm32f10x_tim.o
    0x08003e8c   0x00000012   Code   RO         2630    i.TIM_ICStructInit  stm32f10x_tim.o
    0x08003e9e   0x00000012   Code   RO         2631    i.TIM_ITConfig      stm32f10x_tim.o
    0x08003eb0   0x00000098   Code   RO         2635    i.TIM_OC1Init       stm32f10x_tim.o
    0x08003f48   0x00000012   Code   RO         2638    i.TIM_OC1PreloadConfig  stm32f10x_tim.o
    0x08003f5a   0x00000002   PAD
    0x08003f5c   0x000000a4   Code   RO         2640    i.TIM_OC2Init       stm32f10x_tim.o
    0x08004000   0x0000001a   Code   RO         2643    i.TIM_OC2PreloadConfig  stm32f10x_tim.o
    0x0800401a   0x00000002   PAD
    0x0800401c   0x000000a0   Code   RO         2645    i.TIM_OC3Init       stm32f10x_tim.o
    0x080040bc   0x00000012   Code   RO         2648    i.TIM_OC3PreloadConfig  stm32f10x_tim.o
    0x080040ce   0x00000002   PAD
    0x080040d0   0x0000007c   Code   RO         2650    i.TIM_OC4Init       stm32f10x_tim.o
    0x0800414c   0x0000001a   Code   RO         2651    i.TIM_OC4PolarityConfig  stm32f10x_tim.o
    0x08004166   0x0000001a   Code   RO         2652    i.TIM_OC4PreloadConfig  stm32f10x_tim.o
    0x08004180   0x00000006   Code   RO         2655    i.TIM_PrescalerConfig  stm32f10x_tim.o
    0x08004186   0x00000004   Code   RO         2667    i.TIM_SetCompare1   stm32f10x_tim.o
    0x0800418a   0x00000004   Code   RO         2668    i.TIM_SetCompare2   stm32f10x_tim.o
    0x0800418e   0x00000004   Code   RO         2669    i.TIM_SetCompare3   stm32f10x_tim.o
    0x08004192   0x00000006   Code   RO         2670    i.TIM_SetCompare4   stm32f10x_tim.o
    0x08004198   0x00000004   Code   RO         2671    i.TIM_SetCounter    stm32f10x_tim.o
    0x0800419c   0x00000012   Code   RO         2672    i.TIM_SetIC1Prescaler  stm32f10x_tim.o
    0x080041ae   0x0000001a   Code   RO         2673    i.TIM_SetIC2Prescaler  stm32f10x_tim.o
    0x080041c8   0x00000012   Code   RO         2674    i.TIM_SetIC3Prescaler  stm32f10x_tim.o
    0x080041da   0x0000001a   Code   RO         2675    i.TIM_SetIC4Prescaler  stm32f10x_tim.o
    0x080041f4   0x000000a4   Code   RO         2677    i.TIM_TimeBaseInit  stm32f10x_tim.o
    0x08004298   0x00000012   Code   RO         2678    i.TIM_TimeBaseStructInit  stm32f10x_tim.o
    0x080042aa   0x00000002   PAD
    0x080042ac   0x0000002c   Code   RO         3830    i.Turn_init         turn.o
    0x080042d8   0x000000c0   Code   RO         3540    i.UART3_Init        data.o
    0x08004398   0x00000080   Code   RO         3581    i.UART4_Config      jq8400.o
    0x08004418   0x00000072   Code   RO         3582    i.UART4_Send32bit   jq8400.o
    0x0800448a   0x0000001e   Code   RO         3583    i.UART4_Send8bit    jq8400.o
    0x080044a8   0x00000088   Code   RO          318    i.USART1_IRQHandler  usart.o
    0x08004530   0x00000384   Code   RO         3423    i.USART3_IRQHandler  control.o
    0x080048b4   0x00000012   Code   RO         3138    i.USART_ClearFlag   stm32f10x_usart.o
    0x080048c6   0x0000001e   Code   RO         3139    i.USART_ClearITPendingBit  stm32f10x_usart.o
    0x080048e4   0x00000018   Code   RO         3142    i.USART_Cmd         stm32f10x_usart.o
    0x080048fc   0x0000001a   Code   RO         3145    i.USART_GetFlagStatus  stm32f10x_usart.o
    0x08004916   0x00000054   Code   RO         3146    i.USART_GetITStatus  stm32f10x_usart.o
    0x0800496a   0x0000004a   Code   RO         3148    i.USART_ITConfig    stm32f10x_usart.o
    0x080049b4   0x000000d8   Code   RO         3149    i.USART_Init        stm32f10x_usart.o
    0x08004a8c   0x0000000a   Code   RO         3156    i.USART_ReceiveData  stm32f10x_usart.o
    0x08004a96   0x00000008   Code   RO         3159    i.USART_SendData    stm32f10x_usart.o
    0x08004a9e   0x00000004   Code   RO          177    i.UsageFault_Handler  stm32f10x_it.o
    0x08004aa2   0x00000002   PAD
    0x08004aa4   0x00000028   Code   RO         3424    i.Xianfu_Pwm_L      control.o
    0x08004acc   0x00000028   Code   RO         3425    i.Xianfu_Pwm_R      control.o
    0x08004af4   0x00000028   Code   RO         4432    i.__ARM_fpclassify  m_ws.l(fpclassify.o)
    0x08004b1c   0x000000aa   Code   RO         4352    i.__kernel_poly     m_ws.l(poly.o)
    0x08004bc6   0x00000006   Code   RO         4339    i.__mathlib_dbl_infnan  m_ws.l(dunder.o)
    0x08004bcc   0x00000004   Code   RO         4340    i.__mathlib_dbl_infnan2  m_ws.l(dunder.o)
    0x08004bd0   0x0000000c   Code   RO         4341    i.__mathlib_dbl_invalid  m_ws.l(dunder.o)
    0x08004bdc   0x00000010   Code   RO         4344    i.__mathlib_dbl_underflow  m_ws.l(dunder.o)
    0x08004bec   0x0000000e   Code   RO         4209    i._is_digit         c_w.l(__printf_wp.o)
    0x08004bfa   0x00000004   Code   RO          319    i._sys_exit         usart.o
    0x08004bfe   0x00000002   PAD
    0x08004c00   0x0000027c   Code   RO         4286    i.acos              m_ws.l(acos.o)
    0x08004e7c   0x00000220   Code   RO         4329    i.atan              m_ws.l(atan.o)
    0x0800509c   0x00000180   Code   RO         4296    i.atan2             m_ws.l(atan2.o)
    0x0800521c   0x00000068   Code   RO         4130    i.big_arm_work      kinematics_solution.o
    0x08005284   0x00000044   Code   RO          292    i.delay_init        delay.o
    0x080052c8   0x0000004c   Code   RO          293    i.delay_ms          delay.o
    0x08005314   0x0000004c   Code   RO          294    i.delay_us          delay.o
    0x08005360   0x00000024   Code   RO          320    i.fputc             usart.o
    0x08005384   0x0000007c   Code   RO            1    i.main              main.o
    0x08005400   0x00000044   Code   RO         3981    i.mread             gy_30.o
    0x08005444   0x00000100   Code   RO         3676    i.oled_show_furit_count  oled.o
    0x08005544   0x0000024c   Code   RO         3677    i.oled_show_temperture  oled.o
    0x08005790   0x000000a4   Code   RO         3585    i.playsong          jq8400.o
    0x08005834   0x00000068   Code   RO         4131    i.small_arm_work    kinematics_solution.o
    0x0800589c   0x0000004c   Code   RO         4356    i.sqrt              m_ws.l(sqrt.o)
    0x080058e8   0x000000a0   Code   RO          321    i.uart_init         usart.o
    0x08005988   0x0000002c   Code   RO         4424    locale$$code        c_w.l(lc_numeric_c.o)
    0x080059b4   0x00000062   Code   RO         4227    x$fpl$d2f           fz_ws.l(d2f.o)
    0x08005a16   0x00000002   PAD
    0x08005a18   0x00000150   Code   RO         4229    x$fpl$dadd          fz_ws.l(daddsub_clz.o)
    0x08005b68   0x00000010   Code   RO         4426    x$fpl$dcheck1       fz_ws.l(dcheck1.o)
    0x08005b78   0x00000018   Code   RO         4315    x$fpl$dcmpinf       fz_ws.l(dcmpi.o)
    0x08005b90   0x000002b0   Code   RO         4236    x$fpl$ddiv          fz_ws.l(ddiv.o)
    0x08005e40   0x0000005e   Code   RO         4239    x$fpl$dfix          fz_ws.l(dfix.o)
    0x08005e9e   0x00000002   PAD
    0x08005ea0   0x0000005a   Code   RO         4243    x$fpl$dfixu         fz_ws.l(dfixu.o)
    0x08005efa   0x0000002e   Code   RO         4248    x$fpl$dflt          fz_ws.l(dflt_clz.o)
    0x08005f28   0x00000078   Code   RO         4253    x$fpl$dleqf         fz_ws.l(dleqf.o)
    0x08005fa0   0x00000154   Code   RO         4255    x$fpl$dmul          fz_ws.l(dmul.o)
    0x080060f4   0x0000009c   Code   RO         4317    x$fpl$dnaninf       fz_ws.l(dnaninf.o)
    0x08006190   0x0000000c   Code   RO         4319    x$fpl$dretinf       fz_ws.l(dretinf.o)
    0x0800619c   0x0000006c   Code   RO         4257    x$fpl$drleqf        fz_ws.l(drleqf.o)
    0x08006208   0x00000016   Code   RO         4230    x$fpl$drsb          fz_ws.l(daddsub_clz.o)
    0x0800621e   0x00000002   PAD
    0x08006220   0x000001cc   Code   RO         4428    x$fpl$dsqrt         fz_ws.l(dsqrt_noumaal.o)
    0x080063ec   0x000001d4   Code   RO         4231    x$fpl$dsub          fz_ws.l(daddsub_clz.o)
    0x080065c0   0x00000056   Code   RO         4259    x$fpl$f2d           fz_ws.l(f2d.o)
    0x08006616   0x00000002   PAD
    0x08006618   0x000000c4   Code   RO         4261    x$fpl$fadd          fz_ws.l(faddsub_clz.o)
    0x080066dc   0x00000184   Code   RO         4268    x$fpl$fdiv          fz_ws.l(fdiv.o)
    0x08006860   0x00000036   Code   RO         4271    x$fpl$ffix          fz_ws.l(ffix.o)
    0x08006896   0x00000002   PAD
    0x08006898   0x00000030   Code   RO         4276    x$fpl$fflt          fz_ws.l(fflt_clz.o)
    0x080068c8   0x00000102   Code   RO         4281    x$fpl$fmul          fz_ws.l(fmul.o)
    0x080069ca   0x0000008c   Code   RO         4321    x$fpl$fnaninf       fz_ws.l(fnaninf.o)
    0x08006a56   0x0000000a   Code   RO         4323    x$fpl$fretinf       fz_ws.l(fretinf.o)
    0x08006a60   0x00000014   Code   RO         4262    x$fpl$frsb          fz_ws.l(faddsub_clz.o)
    0x08006a74   0x000000ea   Code   RO         4263    x$fpl$fsub          fz_ws.l(faddsub_clz.o)
    0x08006b5e   0x00000004   Code   RO         4283    x$fpl$printf1       fz_ws.l(printf1.o)
    0x08006b62   0x00000064   Code   RO         4496    x$fpl$retnan        fz_ws.l(retnan.o)
    0x08006bc6   0x0000005c   Code   RO         4325    x$fpl$scalbn        fz_ws.l(scalbn.o)
    0x08006c22   0x00000030   Code   RO         4504    x$fpl$trapveneer    fz_ws.l(trapv.o)
    0x08006c52   0x00000000   Code   RO         4327    x$fpl$usenofp       fz_ws.l(usenofp.o)
    0x08006c52   0x000017c0   Data   RO         3679    .constdata          oled.o
    0x08008412   0x00000028   Data   RO         4182    .constdata          c_w.l(_printf_hex_int.o)
    0x0800843a   0x00000006   PAD
    0x08008440   0x00000050   Data   RO         4287    .constdata          m_ws.l(acos.o)
    0x08008490   0x00000098   Data   RO         4330    .constdata          m_ws.l(atan.o)
    0x08008528   0x00000008   Data   RO         4354    .constdata          m_ws.l(qnan.o)
    0x08008530   0x00000094   Data   RO         4395    .constdata          c_w.l(bigflt0.o)
    0x080085c4   0x00000020   Data   RO         4574    Region$$Table       anon$$obj.o
    0x080085e4   0x0000001c   Data   RO         4423    locale$$data        c_w.l(lc_numeric_c.o)


    Execution Region ER_RW (Base: 0x20000000, Size: 0x000016c0, Max: 0xffffffff, ABSOLUTE, COMPRESSED[0x00000364])

    Base Addr    Size         Type   Attr      Idx    E Section Name        Object

    0x20000000   0x00000014   Data   RW          262    .data               system_stm32f10x.o
    0x20000014   0x00000004   Data   RW          295    .data               delay.o
    0x20000018   0x00000006   Data   RW          323    .data               usart.o
    0x2000001e   0x00000014   Data   RW         2002    .data               stm32f10x_rcc.o
    0x20000032   0x00000002   PAD
    0x20000034   0x0000004c   Data   RW         3427    .data               control.o
    0x20000080   0x00001618   Data   RW         3680    .data               oled.o
    0x20001698   0x00000009   Data   RW         3850    .data               remote.o
    0x200016a1   0x00000003   PAD
    0x200016a4   0x00000004   Data   RW         3947    .data               tcrc5000.o
    0x200016a8   0x00000010   Data   RW         3982    .data               gy_30.o
    0x200016b8   0x00000008   Data   RW         4132    .data               kinematics_solution.o


    Execution Region ER_ZI (Base: 0x200016c0, Size: 0x00000bc0, Max: 0xffffffff, ABSOLUTE)

    Base Addr    Size         Type   Attr      Idx    E Section Name        Object

    0x200016c0   0x000000c8   Zero   RW          322    .bss                usart.o
    0x20001788   0x00000480   Zero   RW         3678    .bss                oled.o
    0x20001c08   0x00000014   Zero   RW         3946    .bss                tcrc5000.o
    0x20001c1c   0x00000060   Zero   RW         4435    .bss                c_w.l(libspace.o)
    0x20001c7c   0x00000004   PAD
    0x20001c80   0x00000200   Zero   RW          399    HEAP                startup_stm32f10x_hd.o
    0x20001e80   0x00000400   Zero   RW          398    STACK               startup_stm32f10x_hd.o


==============================================================================

Image component sizes


      Code (inc. data)   RO Data    RW Data    ZI Data      Debug   Object Name

      1894        318          0         76          0       8918   control.o
       192         14          0          0          0        681   data.o
       220         26          0          4          0       1823   delay.o
       444         32          0          0          0       4124   dht11.o
       492         38          0          0          0       3055   encoder.o
       816         60          0         16          0       7053   gy_30.o
       312         30          0          0          0       1720   hcsr04.o
       436         16          0          0          0       2901   jq8400.o
       940         98          0          8          0       4034   kinematics_solution.o
        60          6          0          0          0        519   led.o
       124          0          0          0          0     253519   main.o
       172         22          0          0          0       2177   misc.o
       356         20          0          0          0       2052   motor.o
      2512        114       6080       5656       1152      14315   oled.o
       116         20          0          0          0       1507   relay.o
       408         24          0          9          0       1038   remote.o
      1340         62          0          0          0       5573   robotic_arm.o
        64         26        304          0       1536        812   startup_stm32f10x_hd.o
       448          6          0          0          0       4638   stm32f10x_gpio.o
        26          0          0          0          0       3974   stm32f10x_it.o
       276         32          0         20          0       4590   stm32f10x_rcc.o
      2018        200          0          0          0      24742   stm32f10x_tim.o
       490          6          0          0          0       7597   stm32f10x_usart.o
         0          0          0          0          0         32   sys.o
       328         28          0         20          0       2237   system_stm32f10x.o
       832         28          0          4         20       3013   tcrc5000.o
        92          4          0          0          0        668   timer.o
       184         14          0          0          0       1252   turn.o
       336         26          0          6        200       4308   usart.o

    ----------------------------------------------------------------------
     15962       1270       6416       5824       2908     372872   Object Totals
         0          0         32          0          0          0   (incl. Generated)
        34          0          0          5          0          0   (incl. Padding)

    ----------------------------------------------------------------------

      Code (inc. data)   RO Data    RW Data    ZI Data      Debug   Library Member Name

        90          0          0          0          0          0   __dczerorl2.o
         8          0          0          0          0         68   __main.o
       284          0          0          0          0        156   __printf_wp.o
         0          0          0          0          0          0   __rtentry.o
        12          0          0          0          0          0   __rtentry2.o
         6          0          0          0          0          0   __rtentry4.o
        52          8          0          0          0          0   __scatter.o
        28          0          0          0          0          0   __scatter_zi.o
        48          6          0          0          0         96   _printf_char_common.o
        36          4          0          0          0         80   _printf_char_file.o
         6          0          0          0          0          0   _printf_d.o
       120         16          0          0          0         92   _printf_dec.o
         6          0          0          0          0          0   _printf_f.o
      1050          0          0          0          0        216   _printf_fp_dec.o
       128         16          0          0          0         84   _printf_fp_infnan.o
        88          4         40          0          0         88   _printf_hex_int.o
       178          0          0          0          0         88   _printf_intcommon.o
         0          0          0          0          0          0   _printf_percent.o
         4          0          0          0          0          0   _printf_percent_end.o
         6          0          0          0          0          0   _printf_x.o
        22          0          0          0          0        100   _rserrno.o
       220          4        148          0          0         96   bigflt0.o
      1910        128          0          0          0        672   btod.o
        12          0          0          0          0         72   exit.o
         8          0          0          0          0         68   ferror.o
         6          0          0          0          0        152   heapauxi.o
        44         10         28          0          0         76   lc_numeric_c.o
         2          0          0          0          0          0   libinit.o
        18          0          0          0          0          0   libinit2.o
         2          0          0          0          0          0   libshutdown.o
         2          0          0          0          0          0   libshutdown2.o
         8          4          0          0         96         68   libspace.o
       138          0          0          0          0         80   lludiv10.o
        24          4          0          0          0         84   noretval__2printf.o
         8          4          0          0          0         68   rt_errno_addr_intlibspace.o
         8          4          0          0          0         68   rt_locale_intlibspace.o
         2          0          0          0          0          0   rtexit.o
        10          0          0          0          0          0   rtexit2.o
       128          0          0          0          0         68   strcmpv7m.o
        74          0          0          0          0         80   sys_stackheap_outer.o
         2          0          0          0          0         68   use_no_semi.o
         2          0          0          0          0         68   use_no_semi_2.o
        98          4          0          0          0         92   d2f.o
       826         16          0          0          0        348   daddsub_clz.o
        16          4          0          0          0         68   dcheck1.o
        24          0          0          0          0         68   dcmpi.o
       688        140          0          0          0        208   ddiv.o
        94          4          0          0          0         92   dfix.o
        90          4          0          0          0         92   dfixu.o
        46          0          0          0          0         68   dflt_clz.o
       120          4          0          0          0         92   dleqf.o
       340         12          0          0          0        104   dmul.o
       156          4          0          0          0         92   dnaninf.o
        12          0          0          0          0         68   dretinf.o
       108          0          0          0          0         80   drleqf.o
       460         56          0          0          0        120   dsqrt_noumaal.o
        86          4          0          0          0         84   f2d.o
       450          8          0          0          0        236   faddsub_clz.o
       388         76          0          0          0         96   fdiv.o
        54          4          0          0          0         84   ffix.o
        48          0          0          0          0         68   fflt_clz.o
       258          4          0          0          0         84   fmul.o
       140          4          0          0          0         84   fnaninf.o
        10          0          0          0          0         68   fretinf.o
         4          0          0          0          0         68   printf1.o
       100          0          0          0          0         68   retnan.o
        92          0          0          0          0         68   scalbn.o
        48          0          0          0          0         68   trapv.o
         0          0          0          0          0          0   usenofp.o
       636         62         80          0          0        188   acos.o
       544         70        152          0          0        124   atan.o
       384         38          0          0          0        144   atan2.o
        38          6          0          0          0        272   dunder.o
        40          0          0          0          0         68   fpclassify.o
       170          0          0          0          0         96   poly.o
         0          0          8          0          0          0   qnan.o
        76          0          0          0          0         84   sqrt.o

    ----------------------------------------------------------------------
     11464        736        462          0        100       6500   Library Totals
        20          0          6          0          4          0   (incl. Padding)

    ----------------------------------------------------------------------

      Code (inc. data)   RO Data    RW Data    ZI Data      Debug   Library Name

      4800        212        216          0         96       2856   c_w.l
      4756        348          0          0          0       2668   fz_ws.l
      1888        176        240          0          0        976   m_ws.l

    ----------------------------------------------------------------------
     11464        736        462          0        100       6500   Library Totals

    ----------------------------------------------------------------------

==============================================================================


      Code (inc. data)   RO Data    RW Data    ZI Data      Debug   

     27426       2006       6878       5824       3008     367356   Grand Totals
     27426       2006       6878        868       3008     367356   ELF Image Totals (compressed)
     27426       2006       6878        868          0          0   ROM Totals

==============================================================================

    Total RO  Size (Code + RO Data)                34304 (  33.50kB)
    Total RW  Size (RW Data + ZI Data)              8832 (   8.63kB)
    Total ROM Size (Code + RO Data + RW Data)      35172 (  34.35kB)

==============================================================================

